Archive member included to satisfy reference by file (symbol)

E:/BTVN/Nam 3/Vi xu ly/STM32CubeIDE_1.7.0/STM32CubeIDE/plugins/com.st.stm32cube.ide.mcu.externaltools.gnu-tools-for-stm32.12.3.rel1.win32_1.0.200.202406191623/tools/bin/../lib/gcc/arm-none-eabi/12.3.1/../../../../arm-none-eabi/lib/thumb/v7e-m+fp/hard\libc_nano.a(libc_a-atoi.o)
                              ./Core/Src/clock.o (atoi)
E:/BTVN/Nam 3/Vi xu ly/STM32CubeIDE_1.7.0/STM32CubeIDE/plugins/com.st.stm32cube.ide.mcu.externaltools.gnu-tools-for-stm32.12.3.rel1.win32_1.0.200.202406191623/tools/bin/../lib/gcc/arm-none-eabi/12.3.1/../../../../arm-none-eabi/lib/thumb/v7e-m+fp/hard\libc_nano.a(libc_a-exit.o)
                              E:/BTVN/Nam 3/Vi xu ly/STM32CubeIDE_1.7.0/STM32CubeIDE/plugins/com.st.stm32cube.ide.mcu.externaltools.gnu-tools-for-stm32.12.3.rel1.win32_1.0.200.202406191623/tools/bin/../lib/gcc/arm-none-eabi/12.3.1/../../../../arm-none-eabi/lib/thumb/v7e-m+fp/hard/crt0.o (exit)
E:/BTVN/Nam 3/Vi xu ly/STM32CubeIDE_1.7.0/STM32CubeIDE/plugins/com.st.stm32cube.ide.mcu.externaltools.gnu-tools-for-stm32.12.3.rel1.win32_1.0.200.202406191623/tools/bin/../lib/gcc/arm-none-eabi/12.3.1/../../../../arm-none-eabi/lib/thumb/v7e-m+fp/hard\libc_nano.a(libc_a-strtol.o)
                              E:/BTVN/Nam 3/Vi xu ly/STM32CubeIDE_1.7.0/STM32CubeIDE/plugins/com.st.stm32cube.ide.mcu.externaltools.gnu-tools-for-stm32.12.3.rel1.win32_1.0.200.202406191623/tools/bin/../lib/gcc/arm-none-eabi/12.3.1/../../../../arm-none-eabi/lib/thumb/v7e-m+fp/hard\libc_nano.a(libc_a-atoi.o) (_strtol_r)
E:/BTVN/Nam 3/Vi xu ly/STM32CubeIDE_1.7.0/STM32CubeIDE/plugins/com.st.stm32cube.ide.mcu.externaltools.gnu-tools-for-stm32.12.3.rel1.win32_1.0.200.202406191623/tools/bin/../lib/gcc/arm-none-eabi/12.3.1/../../../../arm-none-eabi/lib/thumb/v7e-m+fp/hard\libc_nano.a(libc_a-ctype_.o)
                              ./Core/Src/clock.o (_ctype_)
E:/BTVN/Nam 3/Vi xu ly/STM32CubeIDE_1.7.0/STM32CubeIDE/plugins/com.st.stm32cube.ide.mcu.externaltools.gnu-tools-for-stm32.12.3.rel1.win32_1.0.200.202406191623/tools/bin/../lib/gcc/arm-none-eabi/12.3.1/../../../../arm-none-eabi/lib/thumb/v7e-m+fp/hard\libc_nano.a(libc_a-findfp.o)
                              E:/BTVN/Nam 3/Vi xu ly/STM32CubeIDE_1.7.0/STM32CubeIDE/plugins/com.st.stm32cube.ide.mcu.externaltools.gnu-tools-for-stm32.12.3.rel1.win32_1.0.200.202406191623/tools/bin/../lib/gcc/arm-none-eabi/12.3.1/../../../../arm-none-eabi/lib/thumb/v7e-m+fp/hard\libc_nano.a(libc_a-exit.o) (__stdio_exit_handler)
E:/BTVN/Nam 3/Vi xu ly/STM32CubeIDE_1.7.0/STM32CubeIDE/plugins/com.st.stm32cube.ide.mcu.externaltools.gnu-tools-for-stm32.12.3.rel1.win32_1.0.200.202406191623/tools/bin/../lib/gcc/arm-none-eabi/12.3.1/../../../../arm-none-eabi/lib/thumb/v7e-m+fp/hard\libc_nano.a(libc_a-fwalk.o)
                              E:/BTVN/Nam 3/Vi xu ly/STM32CubeIDE_1.7.0/STM32CubeIDE/plugins/com.st.stm32cube.ide.mcu.externaltools.gnu-tools-for-stm32.12.3.rel1.win32_1.0.200.202406191623/tools/bin/../lib/gcc/arm-none-eabi/12.3.1/../../../../arm-none-eabi/lib/thumb/v7e-m+fp/hard\libc_nano.a(libc_a-findfp.o) (_fwalk_sglue)
E:/BTVN/Nam 3/Vi xu ly/STM32CubeIDE_1.7.0/STM32CubeIDE/plugins/com.st.stm32cube.ide.mcu.externaltools.gnu-tools-for-stm32.12.3.rel1.win32_1.0.200.202406191623/tools/bin/../lib/gcc/arm-none-eabi/12.3.1/../../../../arm-none-eabi/lib/thumb/v7e-m+fp/hard\libc_nano.a(libc_a-sprintf.o)
                              ./Core/Src/uart.o (sprintf)
E:/BTVN/Nam 3/Vi xu ly/STM32CubeIDE_1.7.0/STM32CubeIDE/plugins/com.st.stm32cube.ide.mcu.externaltools.gnu-tools-for-stm32.12.3.rel1.win32_1.0.200.202406191623/tools/bin/../lib/gcc/arm-none-eabi/12.3.1/../../../../arm-none-eabi/lib/thumb/v7e-m+fp/hard\libc_nano.a(libc_a-stdio.o)
                              E:/BTVN/Nam 3/Vi xu ly/STM32CubeIDE_1.7.0/STM32CubeIDE/plugins/com.st.stm32cube.ide.mcu.externaltools.gnu-tools-for-stm32.12.3.rel1.win32_1.0.200.202406191623/tools/bin/../lib/gcc/arm-none-eabi/12.3.1/../../../../arm-none-eabi/lib/thumb/v7e-m+fp/hard\libc_nano.a(libc_a-findfp.o) (__sread)
E:/BTVN/Nam 3/Vi xu ly/STM32CubeIDE_1.7.0/STM32CubeIDE/plugins/com.st.stm32cube.ide.mcu.externaltools.gnu-tools-for-stm32.12.3.rel1.win32_1.0.200.202406191623/tools/bin/../lib/gcc/arm-none-eabi/12.3.1/../../../../arm-none-eabi/lib/thumb/v7e-m+fp/hard\libc_nano.a(libc_a-memset.o)
                              E:/BTVN/Nam 3/Vi xu ly/STM32CubeIDE_1.7.0/STM32CubeIDE/plugins/com.st.stm32cube.ide.mcu.externaltools.gnu-tools-for-stm32.12.3.rel1.win32_1.0.200.202406191623/tools/bin/../lib/gcc/arm-none-eabi/12.3.1/../../../../arm-none-eabi/lib/thumb/v7e-m+fp/hard/crt0.o (memset)
E:/BTVN/Nam 3/Vi xu ly/STM32CubeIDE_1.7.0/STM32CubeIDE/plugins/com.st.stm32cube.ide.mcu.externaltools.gnu-tools-for-stm32.12.3.rel1.win32_1.0.200.202406191623/tools/bin/../lib/gcc/arm-none-eabi/12.3.1/../../../../arm-none-eabi/lib/thumb/v7e-m+fp/hard\libc_nano.a(libc_a-strcat.o)
                              ./Core/Src/clock.o (strcat)
[...]
Memory Configuration

Name             Origin             Length             Attributes
CCMRAM           0x10000000         0x00010000         xrw
RAM              0x20000000         0x00020000         xrw
FLASH            0x08000000         0x00100000         xr
*default*        0x00000000         0xffffffff

Linker script and memory map

LOAD E:/BTVN/Nam 3/Vi xu ly/STM32CubeIDE_1.7.0/STM32CubeIDE/plugins/com.st.stm32cube.ide.mcu.externaltools.gnu-tools-for-stm32.12.3.rel1.win32_1.0.200.202406191623/tools/bin/../lib/gcc/arm-none-eabi/12.3.1/thumb/v7e-m+fp/hard/crti.o
LOAD E:/BTVN/Nam 3/Vi xu ly/STM32CubeIDE_1.7.0/STM32CubeIDE/plugins/com.st.stm32cube.ide.mcu.externaltools.gnu-tools-for-stm32.12.3.rel1.win32_1.0.200.202406191623/tools/bin/../lib/gcc/arm-none-eabi/12.3.1/thumb/v7e-m+fp/hard/crtbegin.o
LOAD E:/BTVN/Nam 3/Vi xu ly/STM32CubeIDE_1.7.0/STM32CubeIDE/plugins/com.st.stm32cube.ide.mcu.externaltools.gnu-tools-for-stm32.12.3.rel1.win32_1.0.200.202406191623/tools/bin/../lib/gcc/arm-none-eabi/12.3.1/../../../../arm-none-eabi/lib/thumb/v7e-m+fp/hard/crt0.o
LOAD ./Core/Src/button.o
LOAD ./Core/Src/clock.o
LOAD ./Core/Src/ds3231.o
LOAD ./Core/Src/fsmc.o
LOAD ./Core/Src/gpio.o
LOAD ./Core/Src/i2c.o
LOAD ./Core/Src/lcd.o
LOAD ./Core/Src/led_7seg.o
LOAD ./Core/Src/main.o
LOAD ./Core/Src/picture.o
LOAD ./Core/Src/software_timer.o
LOAD ./Core/Src/spi.o
LOAD ./Core/Src/stm32f4xx_hal_msp.o
LOAD ./Core/Src/stm32f4xx_it.o
LOAD ./Core/Src/syscalls.o
LOAD ./Core/Src/sysmem.o
LOAD ./Core/Src/system_stm32f4xx.o
LOAD ./Core/Src/tim.o
LOAD ./Core/Src/uart.o
LOAD ./Core/Src/usart.o
LOAD ./Core/Src/utils.o
LOAD ./Core/Startup/startup_stm32f407zetx.o
LOAD ./Drivers/STM32F4xx_HAL_Driver/Src/stm32f4xx_hal.o
LOAD ./Drivers/STM32F4xx_HAL_Driver/Src/stm32f4xx_hal_cortex.o
LOAD ./Drivers/STM32F4xx_HAL_Driver/Src/stm32f4xx_hal_dma.o
LOAD ./Drivers/STM32F4xx_HAL_Driver/Src/stm32f4xx_hal_dma_ex.o
LOAD ./Drivers/STM32F4xx_HAL_Driver/Src/stm32f4xx_hal_exti.o
LOAD ./Drivers/STM32F4xx_HAL_Driver/Src/stm32f4xx_hal_flash.o
LOAD ./Drivers/STM32F4xx_HAL_Driver/Src/stm32f4xx_hal_flash_ex.o
LOAD ./Drivers/STM32F4xx_HAL_Driver/Src/stm32f4xx_hal_flash_ramfunc.o
LOAD ./Drivers/STM32F4xx_HAL_Driver/Src/stm32f4xx_hal_gpio.o
LOAD ./Drivers/STM32F4xx_HAL_Driver/Src/stm32f4xx_hal_i2c.o
LOAD ./Drivers/STM32F4xx_HAL_Driver/Src/stm32f4xx_hal_i2c_ex.o
LOAD ./Drivers/STM32F4xx_HAL_Driver/Src/stm32f4xx_hal_pwr.o
LOAD ./Drivers/STM32F4xx_HAL_Driver/Src/stm32f4xx_hal_pwr_ex.o
LOAD ./Drivers/STM32F4xx_HAL_Driver/Src/stm32f4xx_hal_rcc.o
LOAD ./Drivers/STM32F4xx_HAL_Driver/Src/stm32f4xx_hal_rcc_ex.o
LOAD ./Drivers/STM32F4xx_HAL_Driver/Src/stm32f4xx_hal_spi.o
LOAD ./Drivers/STM32F4xx_HAL_Driver/Src/stm32f4xx_hal_sram.o
LOAD ./Drivers/STM32F4xx_HAL_Driver/Src/stm32f4xx_hal_tim.o
LOAD ./Drivers/STM32F4xx_HAL_Driver/Src/stm32f4xx_hal_tim_ex.o
LOAD ./Drivers/STM32F4xx_HAL_Driver/Src/stm32f4xx_hal_uart.o
LOAD ./Drivers/STM32F4xx_HAL_Driver/Src/stm32f4xx_ll_fsmc.o
START GROUP
LOAD E:/BTVN/Nam 3/Vi xu ly/STM32CubeIDE_1.7.0/STM32CubeIDE/plugins/com.st.stm32cube.ide.mcu.externaltools.gnu-tools-for-stm32.12.3.rel1.win32_1.0.200.202406191623/tools/bin/../lib/gcc/arm-none-eabi/12.3.1/../../../../arm-none-eabi/lib/thumb/v7e-m+fp/hard\libc_nano.a
LOAD E:/BTVN/Nam 3/Vi xu ly/STM32CubeIDE_1.7.0/STM32CubeIDE/plugins/com.st.stm32cube.ide.mcu.externaltools.gnu-tools-for-stm32.12.3.rel1.win32_1.0.200.202406191623/tools/bin/../lib/gcc/arm-none-eabi/12.3.1/../../../../arm-none-eabi/lib/thumb/v7e-m+fp/hard\libm.a
END GROUP
START GROUP
LOAD E:/BTVN/Nam 3/Vi xu ly/STM32CubeIDE_1.7.0/STM32CubeIDE/plugins/com.st.stm32cube.ide.mcu.externaltools.gnu-tools-for-stm32.12.3.rel1.win32_1.0.200.202406191623/tools/bin/../lib/gcc/arm-none-eabi/12.3.1/thumb/v7e-m+fp/hard\libgcc.a
LOAD E:/BTVN/Nam 3/Vi xu ly/STM32CubeIDE_1.7.0/STM32CubeIDE/plugins/com.st.stm32cube.ide.mcu.externaltools.gnu-tools-for-stm32.12.3.rel1.win32_1.0.200.202406191623/tools/bin/../lib/gcc/arm-none-eabi/12.3.1/../../../../arm-none-eabi/lib/thumb/v7e-m+fp/hard\libc_nano.a
END GROUP
START GROUP
LOAD E:/BTVN/Nam 3/Vi xu ly/STM32CubeIDE_1.7.0/STM32CubeIDE/plugins/com.st.stm32cube.ide.mcu.externaltools.gnu-tools-for-stm32.12.3.rel1.win32_1.0.200.202406191623/tools/bin/../lib/gcc/arm-none-eabi/12.3.1/thumb/v7e-m+fp/hard\libgcc.a
LOAD E:/BTVN/Nam 3/Vi xu ly/STM32CubeIDE_1.7.0/STM32CubeIDE/plugins/com.st.stm32cube.ide.mcu.externaltools.gnu-tools-for-stm32.12.3.rel1.win32_1.0.200.202406191623/tools/bin/../lib/gcc/arm-none-eabi/12.3.1/../../../../arm-none-eabi/lib/thumb/v7e-m+fp/hard\libc_nano.a
LOAD E:/BTVN/Nam 3/Vi xu ly/STM32CubeIDE_1.7.0/STM32CubeIDE/plugins/com.st.stm32cube.ide.mcu.externaltools.gnu-tools-for-stm32.12.3.rel1.win32_1.0.200.202406191623/tools/bin/../lib/gcc/arm-none-eabi/12.3.1/../../../../arm-none-eabi/lib/thumb/v7e-m+fp/hard\libnosys.a
END GROUP
START GROUP
LOAD E:/BTVN/Nam 3/Vi xu ly/STM32CubeIDE_1.7.0/STM32CubeIDE/plugins/com.st.stm32cube.ide.mcu.externaltools.gnu-tools-for-stm32.12.3.rel1.win32_1.0.200.202406191623/tools/bin/../lib/gcc/arm-none-eabi/12.3.1/thumb/v7e-m+fp/hard\libgcc.a
LOAD E:/BTVN/Nam 3/Vi xu ly/STM32CubeIDE_1.7.0/STM32CubeIDE/plugins/com.st.stm32cube.ide.mcu.externaltools.gnu-tools-for-stm32.12.3.rel1.win32_1.0.200.202406191623/tools/bin/../lib/gcc/arm-none-eabi/12.3.1/../../../../arm-none-eabi/lib/thumb/v7e-m+fp/hard\libc_nano.a
LOAD E:/BTVN/Nam 3/Vi xu ly/STM32CubeIDE_1.7.0/STM32CubeIDE/plugins/com.st.stm32cube.ide.mcu.externaltools.gnu-tools-for-stm32.12.3.rel1.win32_1.0.200.202406191623/tools/bin/../lib/gcc/arm-none-eabi/12.3.1/../../../../arm-none-eabi/lib/thumb/v7e-m+fp/hard\libnosys.a
END GROUP
LOAD E:/BTVN/Nam 3/Vi xu ly/STM32CubeIDE_1.7.0/STM32CubeIDE/plugins/com.st.stm32cube.ide.mcu.externaltools.gnu-tools-for-stm32.12.3.rel1.win32_1.0.200.202406191623/tools/bin/../lib/gcc/arm-none-eabi/12.3.1/thumb/v7e-m+fp/hard/crtend.o
LOAD E:/BTVN/Nam 3/Vi xu ly/STM32CubeIDE_1.7.0/STM32CubeIDE/plugins/com.st.stm32cube.ide.mcu.externaltools.gnu-tools-for-stm32.12.3.rel1.win32_1.0.200.202406191623/tools/bin/../lib/gcc/arm-none-eabi/12.3.1/thumb/v7e-m+fp/hard/crtn.o
                0x20020000                        _estack = (ORIGIN (RAM) + LENGTH (RAM))
                0x00000200                        _Min_Heap_Size = 0x200
                0x00000400                        _Min_Stack_Size = 0x400

.isr_vector     0x08000000      0x188
                0x08000000                        . = ALIGN (0x4)
 *(.isr_vector)
 .isr_vector    0x08000000      0x188 ./Core/Startup/startup_stm32f407zetx.o
                0x08000000                g_pfnVectors
                0x08000188                        . = ALIGN (0x4)

.text           0x08000190     0x76d4
                0x08000190                        . = ALIGN (0x4)
 *(.text)
 .text          0x08000190       0x40 E:/BTVN/Nam 3/Vi xu ly/STM32CubeIDE_1.7.0/STM32CubeIDE/plugins/com.st.stm32cube.ide.mcu.externaltools.gnu-tools-for-stm32.12.3.rel1.win32_1.0.200.202406191623/tools/bin/../lib/gcc/arm-none-eabi/12.3.1/thumb/v7e-m+fp/hard/crtbegin.o
 .text          0x080001d0       0x10 E:/BTVN/Nam 3/Vi xu ly/STM32CubeIDE_1.7.0/STM32CubeIDE/plugins/com.st.stm32cube.ide.mcu.externaltools.gnu-tools-for-stm32.12.3.rel1.win32_1.0.200.202406191623/tools/bin/../lib/gcc/arm-none-eabi/12.3.1/../../../../arm-none-eabi/lib/thumb/v7e-m+fp/hard\libc_nano.a(libc_a-strlen.o)
                0x080001d0                strlen
 .text          0x080001e0       0xa0 E:/BTVN/Nam 3/Vi xu ly/STM32CubeIDE_1.7.0/STM32CubeIDE/plugins/com.st.stm32cube.ide.mcu.externaltools.gnu-tools-for-stm32.12.3.rel1.win32_1.0.200.202406191623/tools/bin/../lib/gcc/arm-none-eabi/12.3.1/../../../../arm-none-eabi/lib/thumb/v7e-m+fp/hard\libc_nano.a(libc_a-memchr.o)
                0x080001e0                memchr
 .text          0x08000280       0x30 E:/BTVN/Nam 3/Vi xu ly/STM32CubeIDE_1.7.0/STM32CubeIDE/plugins/com.st.stm32cube.ide.mcu.externaltools.gnu-tools-for-stm32.12.3.rel1.win32_1.0.200.202406191623/tools/bin/../lib/gcc/arm-none-eabi/12.3.1/thumb/v7e-m+fp/hard\libgcc.a(_aeabi_uldivmod.o)
                0x08000280                __aeabi_uldivmod
 .text          0x080002b0      0x2bc E:/BTVN/Nam 3/Vi xu ly/STM32CubeIDE_1.7.0/STM32CubeIDE/plugins/com.st.stm32cube.ide.mcu.externaltools.gnu-tools-for-stm32.12.3.rel1.win32_1.0.200.202406191623/tools/bin/../lib/gcc/arm-none-eabi/12.3.1/thumb/v7e-m+fp/hard\libgcc.a(_udivmoddi4.o)
                0x080002b0                __udivmoddi4
 .text          0x0800056c        0x4 E:/BTVN/Nam 3/Vi xu ly/STM32CubeIDE_1.7.0/STM32CubeIDE/plugins/com.st.stm32cube.ide.mcu.externaltools.gnu-tools-for-stm32.12.3.rel1.win32_1.0.200.202406191623/tools/bin/../lib/gcc/arm-none-eabi/12.3.1/thumb/v7e-m+fp/hard\libgcc.a(_dvmd_tls.o)
                0x0800056c                __aeabi_idiv0
                0x0800056c                __aeabi_ldiv0
 *(.text*)
 .text.button_init
                0x08000570       0x18 ./Core/Src/button.o
                0x08000570                button_init
 .text.button_Scan
                0x08000588       0xd8 ./Core/Src/button.o
                0x08000588                button_Scan
 .text.displayTime
                0x08000660       0xfc ./Core/Src/clock.o
                0x08000660                displayTime
 .text.ChangeValue
                0x0800075c      0x18c ./Core/Src/clock.o
                0x0800075c                ChangeValue
 .text.ApplyChange
                0x080008e8       0x78 ./Core/Src/clock.o
                0x080008e8                ApplyChange
 .text.fsm      0x08000960      0x1e4 ./Core/Src/clock.o
                0x08000960                fsm
 .text.ds3231_Write
                0x08000b44       0x44 ./Core/Src/ds3231.o
                0x08000b44                ds3231_Write
 .text.ds3231_ReadTime
                0x08000b88       0xc8 ./Core/Src/ds3231.o
                0x08000b88                ds3231_ReadTime
 .text.MX_FSMC_Init
                0x08000c50       0xf4 ./Core/Src/fsmc.o
                0x08000c50                MX_FSMC_Init
 .text.HAL_FSMC_MspInit
                0x08000d44       0x98 ./Core/Src/fsmc.o
 .text.HAL_SRAM_MspInit
                0x08000ddc       0x14 ./Core/Src/fsmc.o
                0x08000ddc                HAL_SRAM_MspInit
 .text.MX_GPIO_Init
                0x08000df0      0x1f0 ./Core/Src/gpio.o
                0x08000df0                MX_GPIO_Init
 .text.MX_I2C1_Init
                0x08000fe0       0x5c ./Core/Src/i2c.o
                0x08000fe0                MX_I2C1_Init
 .text.HAL_I2C_MspInit
                0x0800103c       0x90 ./Core/Src/i2c.o
                0x0800103c                HAL_I2C_MspInit
 .text.LCD_WR_REG
                0x080010cc       0x20 ./Core/Src/lcd.o
                0x080010cc                LCD_WR_REG
 .text.LCD_WR_DATA
                0x080010ec       0x20 ./Core/Src/lcd.o
                0x080010ec                LCD_WR_DATA
 .text.LCD_RD_DATA
                0x0800110c       0x24 ./Core/Src/lcd.o
                0x0800110c                LCD_RD_DATA
 .text.lcd_AddressSet
                0x08001130       0x98 ./Core/Src/lcd.o
                0x08001130                lcd_AddressSet
 .text.lcd_Clear
                0x080011c8       0x74 ./Core/Src/lcd.o
                0x080011c8                lcd_Clear
 .text.lcd_DrawPoint
                0x0800123c       0x2e ./Core/Src/lcd.o
                0x0800123c                lcd_DrawPoint
 *fill*         0x0800126a        0x2 
 .text.lcd_ShowChar
                0x0800126c      0x1a0 ./Core/Src/lcd.o
                0x0800126c                lcd_ShowChar
 .text.mypow    0x0800140c       0x38 ./Core/Src/lcd.o
                0x0800140c                mypow
 .text.lcd_ShowIntNum
                0x08001444       0xfc ./Core/Src/lcd.o
                0x08001444                lcd_ShowIntNum
 .text.lcd_SetDir
                0x08001540       0x48 ./Core/Src/lcd.o
                0x08001540                lcd_SetDir
 .text.lcd_init
                0x08001588      0x2c0 ./Core/Src/lcd.o
                0x08001588                lcd_init
 .text.lcd_ShowStr
                0x08001848       0xc8 ./Core/Src/lcd.o
                0x08001848                lcd_ShowStr
 .text.lcd_StrCenter
                0x08001910       0x64 ./Core/Src/lcd.o
                0x08001910                lcd_StrCenter
 .text.led7_init
                0x08001974       0x18 ./Core/Src/led_7seg.o
                0x08001974                led7_init
 .text.led7_Scan
                0x0800198c      0x118 ./Core/Src/led_7seg.o
                0x0800198c                led7_Scan
 .text.main     0x08001aa4       0xf4 ./Core/Src/main.o
                0x08001aa4                main
 .text.SystemClock_Config
                0x08001b98       0xd4 ./Core/Src/main.o
                0x08001b98                SystemClock_Config
 .text.system_init
                0x08001c6c       0x44 ./Core/Src/main.o
                0x08001c6c                system_init
 .text.Error_Handler
                0x08001cb0        0xc ./Core/Src/main.o
                0x08001cb0                Error_Handler
 .text.timer_init
                0x08001cbc       0x14 ./Core/Src/software_timer.o
                0x08001cbc                timer_init
 .text.setTimer2
                0x08001cd0       0x38 ./Core/Src/software_timer.o
                0x08001cd0                setTimer2
 .text.setTimer3
                0x08001d08       0x38 ./Core/Src/software_timer.o
                0x08001d08                setTimer3
 .text.setTimer4
                0x08001d40       0x38 ./Core/Src/software_timer.o
                0x08001d40                setTimer4
 .text.setTimer5
                0x08001d78       0x3c ./Core/Src/software_timer.o
                0x08001d78                setTimer5
 .text.HAL_TIM_PeriodElapsedCallback
                0x08001db4       0xf8 ./Core/Src/software_timer.o
                0x08001db4                HAL_TIM_PeriodElapsedCallback
 .text.MX_SPI1_Init
                0x08001eac       0x6c ./Core/Src/spi.o
                0x08001eac                MX_SPI1_Init
 .text.HAL_SPI_MspInit
                0x08001f18       0x90 ./Core/Src/spi.o
                0x08001f18                HAL_SPI_MspInit
 .text.HAL_MspInit
                0x08001fa8       0x50 ./Core/Src/stm32f4xx_hal_msp.o
                0x08001fa8                HAL_MspInit
 .text.NMI_Handler
                0x08001ff8        0x8 ./Core/Src/stm32f4xx_it.o
                0x08001ff8                NMI_Handler
 .text.HardFault_Handler
                0x08002000        0x8 ./Core/Src/stm32f4xx_it.o
                0x08002000                HardFault_Handler
 .text.MemManage_Handler
                0x08002008        0x8 ./Core/Src/stm32f4xx_it.o
                0x08002008                MemManage_Handler
 .text.BusFault_Handler
                0x08002010        0x8 ./Core/Src/stm32f4xx_it.o
                0x08002010                BusFault_Handler
 .text.UsageFault_Handler
                0x08002018        0x8 ./Core/Src/stm32f4xx_it.o
                0x08002018                UsageFault_Handler
 .text.SVC_Handler
                0x08002020        0xe ./Core/Src/stm32f4xx_it.o
                0x08002020                SVC_Handler
 .text.DebugMon_Handler
                0x0800202e        0xe ./Core/Src/stm32f4xx_it.o
                0x0800202e                DebugMon_Handler
 .text.PendSV_Handler
                0x0800203c        0xe ./Core/Src/stm32f4xx_it.o
                0x0800203c                PendSV_Handler
 .text.SysTick_Handler
                0x0800204a        0xc ./Core/Src/stm32f4xx_it.o
                0x0800204a                SysTick_Handler
 *fill*         0x08002056        0x2 
 .text.TIM2_IRQHandler
                0x08002058       0x14 ./Core/Src/stm32f4xx_it.o
                0x08002058                TIM2_IRQHandler
 .text.USART1_IRQHandler
                0x0800206c       0x14 ./Core/Src/stm32f4xx_it.o
                0x0800206c                USART1_IRQHandler
 .text._sbrk    0x08002080       0x6c ./Core/Src/sysmem.o
                0x08002080                _sbrk
 .text.SystemInit
                0x080020ec       0x24 ./Core/Src/system_stm32f4xx.o
                0x080020ec                SystemInit
 .text.MX_TIM2_Init
                0x08002110       0x98 ./Core/Src/tim.o
                0x08002110                MX_TIM2_Init
 .text.HAL_TIM_Base_MspInit
                0x080021a8       0x4c ./Core/Src/tim.o
                0x080021a8                HAL_TIM_Base_MspInit
 .text.BufferWrite
                0x080021f4       0x48 ./Core/Src/uart.o
                0x080021f4                BufferWrite
 .text.BufferReading
                0x0800223c       0x74 ./Core/Src/uart.o
                0x0800223c                BufferReading
 .text.uart_init_rs232
                0x080022b0       0x1c ./Core/Src/uart.o
                0x080022b0                uart_init_rs232
 .text.uart_Rs232SendString
                0x080022cc       0x34 ./Core/Src/uart.o
                0x080022cc                uart_Rs232SendString
 .text.uart_Rs232SendNum
                0x08002300       0xac ./Core/Src/uart.o
                0x08002300                uart_Rs232SendNum
 .text.HAL_UART_RxCpltCallback
                0x080023ac       0x44 ./Core/Src/uart.o
                0x080023ac                HAL_UART_RxCpltCallback
 .text.MX_USART1_UART_Init
                0x080023f0       0x54 ./Core/Src/usart.o
                0x080023f0                MX_USART1_UART_Init
 .text.HAL_UART_MspInit
                0x08002444       0xa0 ./Core/Src/usart.o
                0x08002444                HAL_UART_MspInit
 .text.BCD2DEC  0x080024e4       0x32 ./Core/Src/utils.o
                0x080024e4                BCD2DEC
 *fill*         0x08002516        0x2 
 .text.DEC2BCD  0x08002518       0x48 ./Core/Src/utils.o
                0x08002518                DEC2BCD
 .text.Reset_Handler
                0x08002560       0x50 ./Core/Startup/startup_stm32f407zetx.o
                0x08002560                Reset_Handler
 .text.Default_Handler
                0x080025b0        0x2 ./Core/Startup/startup_stm32f407zetx.o
                0x080025b0                RTC_Alarm_IRQHandler
                0x080025b0                HASH_RNG_IRQHandler
                0x080025b0                EXTI2_IRQHandler
                0x080025b0                TIM8_CC_IRQHandler
                0x080025b0                TIM1_CC_IRQHandler
                0x080025b0                DMA2_Stream5_IRQHandler
                0x080025b0                DMA1_Stream5_IRQHandler
                0x080025b0                PVD_IRQHandler
                0x080025b0                SDIO_IRQHandler
                0x080025b0                TAMP_STAMP_IRQHandler
                0x080025b0                CAN2_RX1_IRQHandler
                0x080025b0                EXTI3_IRQHandler
                0x080025b0                TIM8_TRG_COM_TIM14_IRQHandler
                0x080025b0                TIM1_UP_TIM10_IRQHandler
                0x080025b0                TIM8_UP_TIM13_IRQHandler
                0x080025b0                I2C3_ER_IRQHandler
                0x080025b0                EXTI0_IRQHandler
                0x080025b0                I2C2_EV_IRQHandler
                0x080025b0                DMA1_Stream2_IRQHandler
                0x080025b0                CAN1_RX0_IRQHandler
                0x080025b0                FPU_IRQHandler
                0x080025b0                OTG_HS_WKUP_IRQHandler
                0x080025b0                CAN2_SCE_IRQHandler
                0x080025b0                DMA2_Stream2_IRQHandler
                0x080025b0                SPI1_IRQHandler
                0x080025b0                TIM6_DAC_IRQHandler
                0x080025b0                TIM1_BRK_TIM9_IRQHandler
                0x080025b0                DCMI_IRQHandler
                0x080025b0                CAN2_RX0_IRQHandler
                0x080025b0                DMA2_Stream3_IRQHandler
                0x080025b0                USART6_IRQHandler
                0x080025b0                USART3_IRQHandler
                0x080025b0                CAN1_RX1_IRQHandler
                0x080025b0                UART5_IRQHandler
                0x080025b0                DMA2_Stream0_IRQHandler
                0x080025b0                TIM4_IRQHandler
                0x080025b0                I2C1_EV_IRQHandler
                0x080025b0                DMA1_Stream6_IRQHandler
                0x080025b0                DMA1_Stream1_IRQHandler
                0x080025b0                UART4_IRQHandler
                0x080025b0                TIM3_IRQHandler
                0x080025b0                RCC_IRQHandler
                0x080025b0                TIM8_BRK_TIM12_IRQHandler
                0x080025b0                Default_Handler
                0x080025b0                EXTI15_10_IRQHandler
                0x080025b0                ADC_IRQHandler
                0x080025b0                DMA1_Stream7_IRQHandler
                0x080025b0                TIM7_IRQHandler
                0x080025b0                CAN2_TX_IRQHandler
                0x080025b0                TIM5_IRQHandler
                0x080025b0                DMA2_Stream7_IRQHandler
                0x080025b0                I2C3_EV_IRQHandler
                0x080025b0                EXTI9_5_IRQHandler
                0x080025b0                RTC_WKUP_IRQHandler
                0x080025b0                ETH_WKUP_IRQHandler
                0x080025b0                SPI2_IRQHandler
                0x080025b0                OTG_HS_EP1_IN_IRQHandler
                0x080025b0                DMA1_Stream0_IRQHandler
                0x080025b0                CAN1_TX_IRQHandler
                0x080025b0                EXTI4_IRQHandler
                0x080025b0                FSMC_IRQHandler
                0x080025b0                ETH_IRQHandler
                0x080025b0                OTG_HS_EP1_OUT_IRQHandler
                0x080025b0                WWDG_IRQHandler
                0x080025b0                OTG_FS_WKUP_IRQHandler
                0x080025b0                TIM1_TRG_COM_TIM11_IRQHandler
                0x080025b0                OTG_HS_IRQHandler
                0x080025b0                EXTI1_IRQHandler
                0x080025b0                USART2_IRQHandler
                0x080025b0                I2C2_ER_IRQHandler
                0x080025b0                DMA2_Stream1_IRQHandler
                0x080025b0                CAN1_SCE_IRQHandler
                0x080025b0                FLASH_IRQHandler
                0x080025b0                DMA2_Stream4_IRQHandler
                0x080025b0                OTG_FS_IRQHandler
                0x080025b0                SPI3_IRQHandler
                0x080025b0                DMA1_Stream4_IRQHandler
                0x080025b0                I2C1_ER_IRQHandler
                0x080025b0                DMA2_Stream6_IRQHandler
                0x080025b0                DMA1_Stream3_IRQHandler
 *fill*         0x080025b2        0x2 
 .text.HAL_Init
                0x080025b4       0x44 ./Drivers/STM32F4xx_HAL_Driver/Src/stm32f4xx_hal.o
                0x080025b4                HAL_Init
 .text.HAL_InitTick
                0x080025f8       0x60 ./Drivers/STM32F4xx_HAL_Driver/Src/stm32f4xx_hal.o
                0x080025f8                HAL_InitTick
 .text.HAL_IncTick
                0x08002658       0x28 ./Drivers/STM32F4xx_HAL_Driver/Src/stm32f4xx_hal.o
                0x08002658                HAL_IncTick
 .text.HAL_GetTick
                0x08002680       0x18 ./Drivers/STM32F4xx_HAL_Driver/Src/stm32f4xx_hal.o
                0x08002680                HAL_GetTick
 .text.HAL_Delay
                0x08002698       0x48 ./Drivers/STM32F4xx_HAL_Driver/Src/stm32f4xx_hal.o
                0x08002698                HAL_Delay
 .text.__NVIC_SetPriorityGrouping
                0x080026e0       0x48 ./Drivers/STM32F4xx_HAL_Driver/Src/stm32f4xx_hal_cortex.o
 .text.__NVIC_GetPriorityGrouping
                0x08002728       0x1c ./Drivers/STM32F4xx_HAL_Driver/Src/stm32f4xx_hal_cortex.o
 .text.__NVIC_EnableIRQ
                0x08002744       0x3c ./Drivers/STM32F4xx_HAL_Driver/Src/stm32f4xx_hal_cortex.o
 .text.__NVIC_SetPriority
                0x08002780       0x54 ./Drivers/STM32F4xx_HAL_Driver/Src/stm32f4xx_hal_cortex.o
 .text.NVIC_EncodePriority
                0x080027d4       0x66 ./Drivers/STM32F4xx_HAL_Driver/Src/stm32f4xx_hal_cortex.o
 *fill*         0x0800283a        0x2 
 .text.SysTick_Config
                0x0800283c       0x44 ./Drivers/STM32F4xx_HAL_Driver/Src/stm32f4xx_hal_cortex.o
 .text.HAL_NVIC_SetPriorityGrouping
                0x08002880       0x16 ./Drivers/STM32F4xx_HAL_Driver/Src/stm32f4xx_hal_cortex.o
                0x08002880                HAL_NVIC_SetPriorityGrouping
 .text.HAL_NVIC_SetPriority
                0x08002896       0x38 ./Drivers/STM32F4xx_HAL_Driver/Src/stm32f4xx_hal_cortex.o
                0x08002896                HAL_NVIC_SetPriority
 .text.HAL_NVIC_EnableIRQ
                0x080028ce       0x1c ./Drivers/STM32F4xx_HAL_Driver/Src/stm32f4xx_hal_cortex.o
                0x080028ce                HAL_NVIC_EnableIRQ
 .text.HAL_SYSTICK_Config
                0x080028ea       0x18 ./Drivers/STM32F4xx_HAL_Driver/Src/stm32f4xx_hal_cortex.o
                0x080028ea                HAL_SYSTICK_Config
 .text.HAL_DMA_Abort
                0x08002902       0xe0 ./Drivers/STM32F4xx_HAL_Driver/Src/stm32f4xx_hal_dma.o
                0x08002902                HAL_DMA_Abort
 .text.HAL_DMA_Abort_IT
                0x080029e2       0x44 ./Drivers/STM32F4xx_HAL_Driver/Src/stm32f4xx_hal_dma.o
                0x080029e2                HAL_DMA_Abort_IT
 *fill*         0x08002a26        0x2 
 .text.HAL_GPIO_Init
                0x08002a28      0x338 ./Drivers/STM32F4xx_HAL_Driver/Src/stm32f4xx_hal_gpio.o
                0x08002a28                HAL_GPIO_Init
 .text.HAL_GPIO_WritePin
                0x08002d60       0x32 ./Drivers/STM32F4xx_HAL_Driver/Src/stm32f4xx_hal_gpio.o
                0x08002d60                HAL_GPIO_WritePin
 *fill*         0x08002d92        0x2 
 .text.HAL_I2C_Init
                0x08002d94      0x288 ./Drivers/STM32F4xx_HAL_Driver/Src/stm32f4xx_hal_i2c.o
                0x08002d94                HAL_I2C_Init
 .text.HAL_I2C_Mem_Write
                0x0800301c      0x1f4 ./Drivers/STM32F4xx_HAL_Driver/Src/stm32f4xx_hal_i2c.o
                0x0800301c                HAL_I2C_Mem_Write
 .text.HAL_I2C_Mem_Read
                0x08003210      0x44c ./Drivers/STM32F4xx_HAL_Driver/Src/stm32f4xx_hal_i2c.o
                0x08003210                HAL_I2C_Mem_Read
 .text.I2C_RequestMemoryWrite
                0x0800365c      0x12c ./Drivers/STM32F4xx_HAL_Driver/Src/stm32f4xx_hal_i2c.o
 .text.I2C_RequestMemoryRead
                0x08003788      0x1d0 ./Drivers/STM32F4xx_HAL_Driver/Src/stm32f4xx_hal_i2c.o
 .text.I2C_WaitOnFlagUntilTimeout
                0x08003958       0xae ./Drivers/STM32F4xx_HAL_Driver/Src/stm32f4xx_hal_i2c.o
 .text.I2C_WaitOnMasterAddressFlagUntilTimeout
                0x08003a06       0xfe ./Drivers/STM32F4xx_HAL_Driver/Src/stm32f4xx_hal_i2c.o
 .text.I2C_WaitOnTXEFlagUntilTimeout
                0x08003b04       0x82 ./Drivers/STM32F4xx_HAL_Driver/Src/stm32f4xx_hal_i2c.o
 .text.I2C_WaitOnBTFFlagUntilTimeout
                0x08003b86       0x82 ./Drivers/STM32F4xx_HAL_Driver/Src/stm32f4xx_hal_i2c.o
 .text.I2C_WaitOnRXNEFlagUntilTimeout
                0x08003c08       0xac ./Drivers/STM32F4xx_HAL_Driver/Src/stm32f4xx_hal_i2c.o
 .text.I2C_IsAcknowledgeFailed
                0x08003cb4       0x5e ./Drivers/STM32F4xx_HAL_Driver/Src/stm32f4xx_hal_i2c.o
 *fill*         0x08003d12        0x2 
 .text.HAL_RCC_OscConfig
                0x08003d14      0x4f0 ./Drivers/STM32F4xx_HAL_Driver/Src/stm32f4xx_hal_rcc.o
                0x08003d14                HAL_RCC_OscConfig
 .text.HAL_RCC_ClockConfig
                0x08004204      0x1cc ./Drivers/STM32F4xx_HAL_Driver/Src/stm32f4xx_hal_rcc.o
                0x08004204                HAL_RCC_ClockConfig
 .text.HAL_RCC_GetSysClockFreq
                0x080043d0      0x20c ./Drivers/STM32F4xx_HAL_Driver/Src/stm32f4xx_hal_rcc.o
                0x080043d0                HAL_RCC_GetSysClockFreq
 .text.HAL_RCC_GetHCLKFreq
                0x080045dc       0x18 ./Drivers/STM32F4xx_HAL_Driver/Src/stm32f4xx_hal_rcc.o
                0x080045dc                HAL_RCC_GetHCLKFreq
 .text.HAL_RCC_GetPCLK1Freq
                0x080045f4       0x28 ./Drivers/STM32F4xx_HAL_Driver/Src/stm32f4xx_hal_rcc.o
                0x080045f4                HAL_RCC_GetPCLK1Freq
 .text.HAL_RCC_GetPCLK2Freq
                0x0800461c       0x28 ./Drivers/STM32F4xx_HAL_Driver/Src/stm32f4xx_hal_rcc.o
                0x0800461c                HAL_RCC_GetPCLK2Freq
 .text.HAL_SPI_Init
                0x08004644      0x112 ./Drivers/STM32F4xx_HAL_Driver/Src/stm32f4xx_hal_spi.o
                0x08004644                HAL_SPI_Init
 .text.HAL_SPI_Transmit
                0x08004756      0x278 ./Drivers/STM32F4xx_HAL_Driver/Src/stm32f4xx_hal_spi.o
                0x08004756                HAL_SPI_Transmit
 .text.HAL_SPI_Receive
                0x080049ce      0x222 ./Drivers/STM32F4xx_HAL_Driver/Src/stm32f4xx_hal_spi.o
                0x080049ce                HAL_SPI_Receive
 .text.HAL_SPI_TransmitReceive
                0x08004bf0      0x344 ./Drivers/STM32F4xx_HAL_Driver/Src/stm32f4xx_hal_spi.o
                0x08004bf0                HAL_SPI_TransmitReceive
 .text.SPI_WaitFlagStateUntilTimeout
                0x08004f34      0x110 ./Drivers/STM32F4xx_HAL_Driver/Src/stm32f4xx_hal_spi.o
 .text.SPI_EndRxTransaction
                0x08005044       0xca ./Drivers/STM32F4xx_HAL_Driver/Src/stm32f4xx_hal_spi.o
 *fill*         0x0800510e        0x2 
 .text.SPI_EndRxTxTransaction
                0x08005110       0x84 ./Drivers/STM32F4xx_HAL_Driver/Src/stm32f4xx_hal_spi.o
 .text.HAL_SRAM_Init
                0x08005194       0x88 ./Drivers/STM32F4xx_HAL_Driver/Src/stm32f4xx_hal_sram.o
                0x08005194                HAL_SRAM_Init
 .text.HAL_TIM_Base_Init
                0x0800521c       0x9e ./Drivers/STM32F4xx_HAL_Driver/Src/stm32f4xx_hal_tim.o
                0x0800521c                HAL_TIM_Base_Init
 *fill*         0x080052ba        0x2 
 .text.HAL_TIM_Base_Start_IT
                0x080052bc       0xe0 ./Drivers/STM32F4xx_HAL_Driver/Src/stm32f4xx_hal_tim.o
                0x080052bc                HAL_TIM_Base_Start_IT
 .text.HAL_TIM_IRQHandler
                0x0800539c      0x210 ./Drivers/STM32F4xx_HAL_Driver/Src/stm32f4xx_hal_tim.o
                0x0800539c                HAL_TIM_IRQHandler
 .text.HAL_TIM_ConfigClockSource
                0x080055ac      0x18e ./Drivers/STM32F4xx_HAL_Driver/Src/stm32f4xx_hal_tim.o
                0x080055ac                HAL_TIM_ConfigClockSource
 .text.HAL_TIM_OC_DelayElapsedCallback
                0x0800573a       0x14 ./Drivers/STM32F4xx_HAL_Driver/Src/stm32f4xx_hal_tim.o
                0x0800573a                HAL_TIM_OC_DelayElapsedCallback
 .text.HAL_TIM_IC_CaptureCallback
                0x0800574e       0x14 ./Drivers/STM32F4xx_HAL_Driver/Src/stm32f4xx_hal_tim.o
                0x0800574e                HAL_TIM_IC_CaptureCallback
 .text.HAL_TIM_PWM_PulseFinishedCallback
                0x08005762       0x14 ./Drivers/STM32F4xx_HAL_Driver/Src/stm32f4xx_hal_tim.o
                0x08005762                HAL_TIM_PWM_PulseFinishedCallback
 .text.HAL_TIM_TriggerCallback
                0x08005776       0x14 ./Drivers/STM32F4xx_HAL_Driver/Src/stm32f4xx_hal_tim.o
                0x08005776                HAL_TIM_TriggerCallback
 *fill*         0x0800578a        0x2 
 .text.TIM_Base_SetConfig
                0x0800578c      0x140 ./Drivers/STM32F4xx_HAL_Driver/Src/stm32f4xx_hal_tim.o
                0x0800578c                TIM_Base_SetConfig
 .text.TIM_TI1_ConfigInputStage
                0x080058cc       0x5e ./Drivers/STM32F4xx_HAL_Driver/Src/stm32f4xx_hal_tim.o
 .text.TIM_TI2_ConfigInputStage
                0x0800592a       0x60 ./Drivers/STM32F4xx_HAL_Driver/Src/stm32f4xx_hal_tim.o
 .text.TIM_ITRx_SetConfig
                0x0800598a       0x36 ./Drivers/STM32F4xx_HAL_Driver/Src/stm32f4xx_hal_tim.o
 .text.TIM_ETR_SetConfig
                0x080059c0       0x40 ./Drivers/STM32F4xx_HAL_Driver/Src/stm32f4xx_hal_tim.o
                0x080059c0                TIM_ETR_SetConfig
 .text.HAL_TIMEx_MasterConfigSynchronization
                0x08005a00       0xf8 ./Drivers/STM32F4xx_HAL_Driver/Src/stm32f4xx_hal_tim_ex.o
                0x08005a00                HAL_TIMEx_MasterConfigSynchronization
 .text.HAL_TIMEx_CommutCallback
                0x08005af8       0x14 ./Drivers/STM32F4xx_HAL_Driver/Src/stm32f4xx_hal_tim_ex.o
                0x08005af8                HAL_TIMEx_CommutCallback
 .text.HAL_TIMEx_BreakCallback
                0x08005b0c       0x14 ./Drivers/STM32F4xx_HAL_Driver/Src/stm32f4xx_hal_tim_ex.o
                0x08005b0c                HAL_TIMEx_BreakCallback
 .text.HAL_UART_Init
                0x08005b20       0x9a ./Drivers/STM32F4xx_HAL_Driver/Src/stm32f4xx_hal_uart.o
                0x08005b20                HAL_UART_Init
 .text.HAL_UART_Transmit
                0x08005bba      0x124 ./Drivers/STM32F4xx_HAL_Driver/Src/stm32f4xx_hal_uart.o
                0x08005bba                HAL_UART_Transmit
 .text.HAL_UART_Receive
                0x08005cde      0x144 ./Drivers/STM32F4xx_HAL_Driver/Src/stm32f4xx_hal_uart.o
                0x08005cde                HAL_UART_Receive
 .text.HAL_UART_Receive_IT
                0x08005e22       0x60 ./Drivers/STM32F4xx_HAL_Driver/Src/stm32f4xx_hal_uart.o
                0x08005e22                HAL_UART_Receive_IT
 *fill*         0x08005e82        0x2 
 .text.HAL_UART_IRQHandler
                0x08005e84      0x51c ./Drivers/STM32F4xx_HAL_Driver/Src/stm32f4xx_hal_uart.o
                0x08005e84                HAL_UART_IRQHandler
 .text.HAL_UART_TxCpltCallback
                0x080063a0       0x14 ./Drivers/STM32F4xx_HAL_Driver/Src/stm32f4xx_hal_uart.o
                0x080063a0                HAL_UART_TxCpltCallback
 .text.HAL_UART_ErrorCallback
                0x080063b4       0x14 ./Drivers/STM32F4xx_HAL_Driver/Src/stm32f4xx_hal_uart.o
                0x080063b4                HAL_UART_ErrorCallback
 .text.HAL_UARTEx_RxEventCallback
                0x080063c8       0x18 ./Drivers/STM32F4xx_HAL_Driver/Src/stm32f4xx_hal_uart.o
                0x080063c8                HAL_UARTEx_RxEventCallback
 .text.UART_WaitOnFlagUntilTimeout
                0x080063e0       0xdc ./Drivers/STM32F4xx_HAL_Driver/Src/stm32f4xx_hal_uart.o
 .text.UART_Start_Receive_IT
                0x080064bc       0x74 ./Drivers/STM32F4xx_HAL_Driver/Src/stm32f4xx_hal_uart.o
                0x080064bc                UART_Start_Receive_IT
 .text.UART_EndRxTransfer
                0x08006530       0xc6 ./Drivers/STM32F4xx_HAL_Driver/Src/stm32f4xx_hal_uart.o
 .text.UART_DMAAbortOnError
                0x080065f6       0x28 ./Drivers/STM32F4xx_HAL_Driver/Src/stm32f4xx_hal_uart.o
 .text.UART_Transmit_IT
                0x0800661e       0xa0 ./Drivers/STM32F4xx_HAL_Driver/Src/stm32f4xx_hal_uart.o
 .text.UART_EndTransmit_IT
                0x080066be       0x30 ./Drivers/STM32F4xx_HAL_Driver/Src/stm32f4xx_hal_uart.o
 .text.UART_Receive_IT
                0x080066ee      0x176 ./Drivers/STM32F4xx_HAL_Driver/Src/stm32f4xx_hal_uart.o
 .text.UART_SetConfig
                0x08006864      0x4e8 ./Drivers/STM32F4xx_HAL_Driver/Src/stm32f4xx_hal_uart.o
 .text.FSMC_NORSRAM_Init
                0x08006d4c       0xa4 ./Drivers/STM32F4xx_HAL_Driver/Src/stm32f4xx_ll_fsmc.o
                0x08006d4c                FSMC_NORSRAM_Init
 .text.FSMC_NORSRAM_Timing_Init
                0x08006df0       0x7a ./Drivers/STM32F4xx_HAL_Driver/Src/stm32f4xx_ll_fsmc.o
                0x08006df0                FSMC_NORSRAM_Timing_Init
 *fill*         0x08006e6a        0x2 
 .text.FSMC_NORSRAM_Extended_Timing_Init
                0x08006e6c       0x80 ./Drivers/STM32F4xx_HAL_Driver/Src/stm32f4xx_ll_fsmc.o
                0x08006e6c                FSMC_NORSRAM_Extended_Timing_Init
 .text.sprintf  0x08006eec       0x40 E:/BTVN/Nam 3/Vi xu ly/STM32CubeIDE_1.7.0/STM32CubeIDE/plugins/com.st.stm32cube.ide.mcu.externaltools.gnu-tools-for-stm32.12.3.rel1.win32_1.0.200.202406191623/tools/bin/../lib/gcc/arm-none-eabi/12.3.1/../../../../arm-none-eabi/lib/thumb/v7e-m+fp/hard\libc_nano.a(libc_a-sprintf.o)
                0x08006eec                siprintf
                0x08006eec                sprintf
 .text.memset   0x08006f2c       0x10 E:/BTVN/Nam 3/Vi xu ly/STM32CubeIDE_1.7.0/STM32CubeIDE/plugins/com.st.stm32cube.ide.mcu.externaltools.gnu-tools-for-stm32.12.3.rel1.win32_1.0.200.202406191623/tools/bin/../lib/gcc/arm-none-eabi/12.3.1/../../../../arm-none-eabi/lib/thumb/v7e-m+fp/hard\libc_nano.a(libc_a-memset.o)
                0x08006f2c                memset
 .text.strcat   0x08006f3c       0x1e E:/BTVN/Nam 3/Vi xu ly/STM32CubeIDE_1.7.0/STM32CubeIDE/plugins/com.st.stm32cube.ide.mcu.externaltools.gnu-tools-for-stm32.12.3.rel1.win32_1.0.200.202406191623/tools/bin/../lib/gcc/arm-none-eabi/12.3.1/../../../../arm-none-eabi/lib/thumb/v7e-m+fp/hard\libc_nano.a(libc_a-strcat.o)
                0x08006f3c                strcat
 *fill*         0x08006f5a        0x2 
 .text.__errno  0x08006f5c        0xc E:/BTVN/Nam 3/Vi xu ly/STM32CubeIDE_1.7.0/STM32CubeIDE/plugins/com.st.stm32cube.ide.mcu.externaltools.gnu-tools-for-stm32.12.3.rel1.win32_1.0.200.202406191623/tools/bin/../lib/gcc/arm-none-eabi/12.3.1/../../../../arm-none-eabi/lib/thumb/v7e-m+fp/hard\libc_nano.a(libc_a-errno.o)
                0x08006f5c                __errno
 .text.__libc_init_array
                0x08006f68       0x48 E:/BTVN/Nam 3/Vi xu ly/STM32CubeIDE_1.7.0/STM32CubeIDE/plugins/com.st.stm32cube.ide.mcu.externaltools.gnu-tools-for-stm32.12.3.rel1.win32_1.0.200.202406191623/tools/bin/../lib/gcc/arm-none-eabi/12.3.1/../../../../arm-none-eabi/lib/thumb/v7e-m+fp/hard\libc_nano.a(libc_a-init.o)
                0x08006f68                __libc_init_array
 .text.__retarget_lock_acquire_recursive
                0x08006fb0        0x2 E:/BTVN/Nam 3/Vi xu ly/STM32CubeIDE_1.7.0/STM32CubeIDE/plugins/com.st.stm32cube.ide.mcu.externaltools.gnu-tools-for-stm32.12.3.rel1.win32_1.0.200.202406191623/tools/bin/../lib/gcc/arm-none-eabi/12.3.1/../../../../arm-none-eabi/lib/thumb/v7e-m+fp/hard\libc_nano.a(libc_a-lock.o)
                0x08006fb0                __retarget_lock_acquire_recursive
 .text.__retarget_lock_release_recursive
                0x08006fb2        0x2 E:/BTVN/Nam 3/Vi xu ly/STM32CubeIDE_1.7.0/STM32CubeIDE/plugins/com.st.stm32cube.ide.mcu.externaltools.gnu-tools-for-stm32.12.3.rel1.win32_1.0.200.202406191623/tools/bin/../lib/gcc/arm-none-eabi/12.3.1/../../../../arm-none-eabi/lib/thumb/v7e-m+fp/hard\libc_nano.a(libc_a-lock.o)
                0x08006fb2                __retarget_lock_release_recursive
 .text._free_r  0x08006fb4       0x94 E:/BTVN/Nam 3/Vi xu ly/STM32CubeIDE_1.7.0/STM32CubeIDE/plugins/com.st.stm32cube.ide.mcu.externaltools.gnu-tools-for-stm32.12.3.rel1.win32_1.0.200.202406191623/tools/bin/../lib/gcc/arm-none-eabi/12.3.1/../../../../arm-none-eabi/lib/thumb/v7e-m+fp/hard\libc_nano.a(libc_a-freer.o)
                0x08006fb4                _free_r
 .text.sbrk_aligned
                0x08007048       0x44 E:/BTVN/Nam 3/Vi xu ly/STM32CubeIDE_1.7.0/STM32CubeIDE/plugins/com.st.stm32cube.ide.mcu.externaltools.gnu-tools-for-stm32.12.3.rel1.win32_1.0.200.202406191623/tools/bin/../lib/gcc/arm-none-eabi/12.3.1/../../../../arm-none-eabi/lib/thumb/v7e-m+fp/hard\libc_nano.a(libc_a-mallocr.o)
 .text._malloc_r
                0x0800708c      0x100 E:/BTVN/Nam 3/Vi xu ly/STM32CubeIDE_1.7.0/STM32CubeIDE/plugins/com.st.stm32cube.ide.mcu.externaltools.gnu-tools-for-stm32.12.3.rel1.win32_1.0.200.202406191623/tools/bin/../lib/gcc/arm-none-eabi/12.3.1/../../../../arm-none-eabi/lib/thumb/v7e-m+fp/hard\libc_nano.a(libc_a-mallocr.o)
                0x0800708c                _malloc_r
 .text.__malloc_lock
                0x0800718c        0xc E:/BTVN/Nam 3/Vi xu ly/STM32CubeIDE_1.7.0/STM32CubeIDE/plugins/com.st.stm32cube.ide.mcu.externaltools.gnu-tools-for-stm32.12.3.rel1.win32_1.0.200.202406191623/tools/bin/../lib/gcc/arm-none-eabi/12.3.1/../../../../arm-none-eabi/lib/thumb/v7e-m+fp/hard\libc_nano.a(libc_a-mlock.o)
                0x0800718c                __malloc_lock
 .text.__malloc_unlock
                0x08007198        0xc E:/BTVN/Nam 3/Vi xu ly/STM32CubeIDE_1.7.0/STM32CubeIDE/plugins/com.st.stm32cube.ide.mcu.externaltools.gnu-tools-for-stm32.12.3.rel1.win32_1.0.200.202406191623/tools/bin/../lib/gcc/arm-none-eabi/12.3.1/../../../../arm-none-eabi/lib/thumb/v7e-m+fp/hard\libc_nano.a(libc_a-mlock.o)
                0x08007198                __malloc_unlock
 .text.__ssputs_r
                0x080071a4       0xb6 E:/BTVN/Nam 3/Vi xu ly/STM32CubeIDE_1.7.0/STM32CubeIDE/plugins/com.st.stm32cube.ide.mcu.externaltools.gnu-tools-for-stm32.12.3.rel1.win32_1.0.200.202406191623/tools/bin/../lib/gcc/arm-none-eabi/12.3.1/../../../../arm-none-eabi/lib/thumb/v7e-m+fp/hard\libc_nano.a(libc_a-nano-svfprintf.o)
                0x080071a4                __ssputs_r
 *fill*         0x0800725a        0x2 
 .text._svfprintf_r
                0x0800725c      0x1f8 E:/BTVN/Nam 3/Vi xu ly/STM32CubeIDE_1.7.0/STM32CubeIDE/plugins/com.st.stm32cube.ide.mcu.externaltools.gnu-tools-for-stm32.12.3.rel1.win32_1.0.200.202406191623/tools/bin/../lib/gcc/arm-none-eabi/12.3.1/../../../../arm-none-eabi/lib/thumb/v7e-m+fp/hard\libc_nano.a(libc_a-nano-svfprintf.o)
                0x0800725c                _svfiprintf_r
                0x0800725c                _svfprintf_r
 .text._printf_common
                0x08007454       0xda E:/BTVN/Nam 3/Vi xu ly/STM32CubeIDE_1.7.0/STM32CubeIDE/plugins/com.st.stm32cube.ide.mcu.externaltools.gnu-tools-for-stm32.12.3.rel1.win32_1.0.200.202406191623/tools/bin/../lib/gcc/arm-none-eabi/12.3.1/../../../../arm-none-eabi/lib/thumb/v7e-m+fp/hard\libc_nano.a(libc_a-nano-vfprintf_i.o)
                0x08007454                _printf_common
 *fill*         0x0800752e        0x2 
 .text._printf_i
                0x08007530      0x240 E:/BTVN/Nam 3/Vi xu ly/STM32CubeIDE_1.7.0/STM32CubeIDE/plugins/com.st.stm32cube.ide.mcu.externaltools.gnu-tools-for-stm32.12.3.rel1.win32_1.0.200.202406191623/tools/bin/../lib/gcc/arm-none-eabi/12.3.1/../../../../arm-none-eabi/lib/thumb/v7e-m+fp/hard\libc_nano.a(libc_a-nano-vfprintf_i.o)
                0x08007530                _printf_i
 .text.memmove  0x08007770       0x34 E:/BTVN/Nam 3/Vi xu ly/STM32CubeIDE_1.7.0/STM32CubeIDE/plugins/com.st.stm32cube.ide.mcu.externaltools.gnu-tools-for-stm32.12.3.rel1.win32_1.0.200.202406191623/tools/bin/../lib/gcc/arm-none-eabi/12.3.1/../../../../arm-none-eabi/lib/thumb/v7e-m+fp/hard\libc_nano.a(libc_a-memmove.o)
                0x08007770                memmove
 .text._sbrk_r  0x080077a4       0x20 E:/BTVN/Nam 3/Vi xu ly/STM32CubeIDE_1.7.0/STM32CubeIDE/plugins/com.st.stm32cube.ide.mcu.externaltools.gnu-tools-for-stm32.12.3.rel1.win32_1.0.200.202406191623/tools/bin/../lib/gcc/arm-none-eabi/12.3.1/../../../../arm-none-eabi/lib/thumb/v7e-m+fp/hard\libc_nano.a(libc_a-sbrkr.o)
                0x080077a4                _sbrk_r
 .text.memcpy   0x080077c4       0x1c E:/BTVN/Nam 3/Vi xu ly/STM32CubeIDE_1.7.0/STM32CubeIDE/plugins/com.st.stm32cube.ide.mcu.externaltools.gnu-tools-for-stm32.12.3.rel1.win32_1.0.200.202406191623/tools/bin/../lib/gcc/arm-none-eabi/12.3.1/../../../../arm-none-eabi/lib/thumb/v7e-m+fp/hard\libc_nano.a(libc_a-memcpy-stub.o)
                0x080077c4                memcpy
 .text._realloc_r
                0x080077e0       0x5c E:/BTVN/Nam 3/Vi xu ly/STM32CubeIDE_1.7.0/STM32CubeIDE/plugins/com.st.stm32cube.ide.mcu.externaltools.gnu-tools-for-stm32.12.3.rel1.win32_1.0.200.202406191623/tools/bin/../lib/gcc/arm-none-eabi/12.3.1/../../../../arm-none-eabi/lib/thumb/v7e-m+fp/hard\libc_nano.a(libc_a-reallocr.o)
                0x080077e0                _realloc_r
 .text._malloc_usable_size_r
                0x0800783c       0x10 E:/BTVN/Nam 3/Vi xu ly/STM32CubeIDE_1.7.0/STM32CubeIDE/plugins/com.st.stm32cube.ide.mcu.externaltools.gnu-tools-for-stm32.12.3.rel1.win32_1.0.200.202406191623/tools/bin/../lib/gcc/arm-none-eabi/12.3.1/../../../../arm-none-eabi/lib/thumb/v7e-m+fp/hard\libc_nano.a(libc_a-msizer.o)
                0x0800783c                _malloc_usable_size_r
 *(.glue_7)
 .glue_7        0x0800784c        0x0 linker stubs
 *(.glue_7t)
 .glue_7t       0x0800784c        0x0 linker stubs
 *(.eh_frame)
 .eh_frame      0x0800784c        0x0 E:/BTVN/Nam 3/Vi xu ly/STM32CubeIDE_1.7.0/STM32CubeIDE/plugins/com.st.stm32cube.ide.mcu.externaltools.gnu-tools-for-stm32.12.3.rel1.win32_1.0.200.202406191623/tools/bin/../lib/gcc/arm-none-eabi/12.3.1/thumb/v7e-m+fp/hard/crtbegin.o
 *(.init)
 .init          0x0800784c        0x4 E:/BTVN/Nam 3/Vi xu ly/STM32CubeIDE_1.7.0/STM32CubeIDE/plugins/com.st.stm32cube.ide.mcu.externaltools.gnu-tools-for-stm32.12.3.rel1.win32_1.0.200.202406191623/tools/bin/../lib/gcc/arm-none-eabi/12.3.1/thumb/v7e-m+fp/hard/crti.o
                0x0800784c                _init
 .init          0x08007850        0x8 E:/BTVN/Nam 3/Vi xu ly/STM32CubeIDE_1.7.0/STM32CubeIDE/plugins/com.st.stm32cube.ide.mcu.externaltools.gnu-tools-for-stm32.12.3.rel1.win32_1.0.200.202406191623/tools/bin/../lib/gcc/arm-none-eabi/12.3.1/thumb/v7e-m+fp/hard/crtn.o
 *(.fini)
 .fini          0x08007858        0x4 E:/BTVN/Nam 3/Vi xu ly/STM32CubeIDE_1.7.0/STM32CubeIDE/plugins/com.st.stm32cube.ide.mcu.externaltools.gnu-tools-for-stm32.12.3.rel1.win32_1.0.200.202406191623/tools/bin/../lib/gcc/arm-none-eabi/12.3.1/thumb/v7e-m+fp/hard/crti.o
                0x08007858                _fini
 .fini          0x0800785c        0x8 E:/BTVN/Nam 3/Vi xu ly/STM32CubeIDE_1.7.0/STM32CubeIDE/plugins/com.st.stm32cube.ide.mcu.externaltools.gnu-tools-for-stm32.12.3.rel1.win32_1.0.200.202406191623/tools/bin/../lib/gcc/arm-none-eabi/12.3.1/thumb/v7e-m+fp/hard/crtn.o
                0x08007864                        . = ALIGN (0x4)
                0x08007864                        _etext = .

.vfp11_veneer   0x08007864        0x0
 .vfp11_veneer  0x08007864        0x0 linker stubs

.v4_bx          0x08007864        0x0
 .v4_bx         0x08007864        0x0 linker stubs

.iplt           0x08007864        0x0
 .iplt          0x08007864        0x0 E:/BTVN/Nam 3/Vi xu ly/STM32CubeIDE_1.7.0/STM32CubeIDE/plugins/com.st.stm32cube.ide.mcu.externaltools.gnu-tools-for-stm32.12.3.rel1.win32_1.0.200.202406191623/tools/bin/../lib/gcc/arm-none-eabi/12.3.1/thumb/v7e-m+fp/hard/crtbegin.o

.rodata         0x08007864     0x30ec
                0x08007864                        . = ALIGN (0x4)
 *(.rodata)
 .rodata        0x08007864       0xae ./Core/Src/clock.o
 *fill*         0x08007912        0x2 
 .rodata        0x08007914       0x56 ./Core/Src/main.o
 *fill*         0x0800796a        0x2 
 .rodata        0x0800796c       0x16 ./Core/Src/uart.o
 *(.rodata*)
 *fill*         0x08007982        0x2 
 .rodata.ascii_1608
                0x08007984      0x5f0 ./Core/Src/lcd.o
                0x08007984                ascii_1608
 .rodata.ascii_2412
                0x08007f74     0x11d0 ./Core/Src/lcd.o
                0x08007f74                ascii_2412
 .rodata.ascii_3216
                0x08009144     0x17c0 ./Core/Src/lcd.o
                0x08009144                ascii_3216
 .rodata.AHBPrescTable
                0x0800a904       0x10 ./Core/Src/system_stm32f4xx.o
                0x0800a904                AHBPrescTable
 .rodata.APBPrescTable
                0x0800a914        0x8 ./Core/Src/system_stm32f4xx.o
                0x0800a914                APBPrescTable
 .rodata._svfprintf_r.str1.1
                0x0800a91c       0x11 E:/BTVN/Nam 3/Vi xu ly/STM32CubeIDE_1.7.0/STM32CubeIDE/plugins/com.st.stm32cube.ide.mcu.externaltools.gnu-tools-for-stm32.12.3.rel1.win32_1.0.200.202406191623/tools/bin/../lib/gcc/arm-none-eabi/12.3.1/../../../../arm-none-eabi/lib/thumb/v7e-m+fp/hard\libc_nano.a(libc_a-nano-svfprintf.o)
 .rodata._printf_i.str1.1
                0x0800a92d       0x22 E:/BTVN/Nam 3/Vi xu ly/STM32CubeIDE_1.7.0/STM32CubeIDE/plugins/com.st.stm32cube.ide.mcu.externaltools.gnu-tools-for-stm32.12.3.rel1.win32_1.0.200.202406191623/tools/bin/../lib/gcc/arm-none-eabi/12.3.1/../../../../arm-none-eabi/lib/thumb/v7e-m+fp/hard\libc_nano.a(libc_a-nano-vfprintf_i.o)
                0x0800a950                        . = ALIGN (0x4)
 *fill*         0x0800a94f        0x1 

.ARM.extab      0x0800a950        0x0
                0x0800a950                        . = ALIGN (0x4)
 *(.ARM.extab* .gnu.linkonce.armextab.*)
                0x0800a950                        . = ALIGN (0x4)

.ARM            0x0800a950        0x8
                0x0800a950                        . = ALIGN (0x4)
                0x0800a950                        __exidx_start = .
 *(.ARM.exidx*)
 .ARM.exidx     0x0800a950        0x8 E:/BTVN/Nam 3/Vi xu ly/STM32CubeIDE_1.7.0/STM32CubeIDE/plugins/com.st.stm32cube.ide.mcu.externaltools.gnu-tools-for-stm32.12.3.rel1.win32_1.0.200.202406191623/tools/bin/../lib/gcc/arm-none-eabi/12.3.1/../../../../arm-none-eabi/lib/thumb/v7e-m+fp/hard\libc_nano.a(libc_a-strlen.o)
 .ARM.exidx     0x0800a958        0x0 E:/BTVN/Nam 3/Vi xu ly/STM32CubeIDE_1.7.0/STM32CubeIDE/plugins/com.st.stm32cube.ide.mcu.externaltools.gnu-tools-for-stm32.12.3.rel1.win32_1.0.200.202406191623/tools/bin/../lib/gcc/arm-none-eabi/12.3.1/../../../../arm-none-eabi/lib/thumb/v7e-m+fp/hard\libc_nano.a(libc_a-memchr.o)
                                  0x8 (size before relaxing)
 .ARM.exidx     0x0800a958        0x0 E:/BTVN/Nam 3/Vi xu ly/STM32CubeIDE_1.7.0/STM32CubeIDE/plugins/com.st.stm32cube.ide.mcu.externaltools.gnu-tools-for-stm32.12.3.rel1.win32_1.0.200.202406191623/tools/bin/../lib/gcc/arm-none-eabi/12.3.1/thumb/v7e-m+fp/hard\libgcc.a(_udivmoddi4.o)
                                  0x8 (size before relaxing)
                0x0800a958                        __exidx_end = .
                0x0800a958                        . = ALIGN (0x4)

.rel.dyn        0x0800a958        0x0
 .rel.iplt      0x0800a958        0x0 E:/BTVN/Nam 3/Vi xu ly/STM32CubeIDE_1.7.0/STM32CubeIDE/plugins/com.st.stm32cube.ide.mcu.externaltools.gnu-tools-for-stm32.12.3.rel1.win32_1.0.200.202406191623/tools/bin/../lib/gcc/arm-none-eabi/12.3.1/thumb/v7e-m+fp/hard/crtbegin.o

.preinit_array  0x0800a958        0x0
                0x0800a958                        . = ALIGN (0x4)
                0x0800a958                        PROVIDE (__preinit_array_start = .)
 *(.preinit_array*)
                0x0800a958                        PROVIDE (__preinit_array_end = .)
                0x0800a958                        . = ALIGN (0x4)

.init_array     0x0800a958        0x4
                0x0800a958                        . = ALIGN (0x4)
                0x0800a958                        PROVIDE (__init_array_start = .)
 *(SORT_BY_NAME(.init_array.*))
 *(.init_array*)
 .init_array    0x0800a958        0x4 E:/BTVN/Nam 3/Vi xu ly/STM32CubeIDE_1.7.0/STM32CubeIDE/plugins/com.st.stm32cube.ide.mcu.externaltools.gnu-tools-for-stm32.12.3.rel1.win32_1.0.200.202406191623/tools/bin/../lib/gcc/arm-none-eabi/12.3.1/thumb/v7e-m+fp/hard/crtbegin.o
                0x0800a95c                        PROVIDE (__init_array_end = .)
                0x0800a95c                        . = ALIGN (0x4)

.fini_array     0x0800a95c        0x4
                0x0800a95c                        . = ALIGN (0x4)
                [!provide]                        PROVIDE (__fini_array_start = .)
 *(SORT_BY_NAME(.fini_array.*))
 *(.fini_array*)
 .fini_array    0x0800a95c        0x4 E:/BTVN/Nam 3/Vi xu ly/STM32CubeIDE_1.7.0/STM32CubeIDE/plugins/com.st.stm32cube.ide.mcu.externaltools.gnu-tools-for-stm32.12.3.rel1.win32_1.0.200.202406191623/tools/bin/../lib/gcc/arm-none-eabi/12.3.1/thumb/v7e-m+fp/hard/crtbegin.o
                [!provide]                        PROVIDE (__fini_array_end = .)
                0x0800a960                        . = ALIGN (0x4)
                0x0800a960                        _sidata = LOADADDR (.data)

.data           0x20000000       0x7c load address 0x0800a960
                0x20000000                        . = ALIGN (0x4)
                0x20000000                        _sdata = .
 *(.data)
 *(.data*)
 .data.update_value
                0x20000000       0x18 ./Core/Src/clock.o
                0x20000000                update_value
 .data.led7seg  0x20000018        0x4 ./Core/Src/led_7seg.o
                0x20000018                led7seg
 .data.spi_buffer
                0x2000001c        0x2 ./Core/Src/led_7seg.o
                0x2000001c                spi_buffer
 *fill*         0x2000001e        0x2 
 .data.SystemCoreClock
                0x20000020        0x4 ./Core/Src/system_stm32f4xx.o
                0x20000020                SystemCoreClock
 .data.uwTickPrio
                0x20000024        0x4 ./Drivers/STM32F4xx_HAL_Driver/Src/stm32f4xx_hal.o
                0x20000024                uwTickPrio
 .data.uwTickFreq
                0x20000028        0x1 ./Drivers/STM32F4xx_HAL_Driver/Src/stm32f4xx_hal.o
                0x20000028                uwTickFreq
 *fill*         0x20000029        0x3 
 .data._impure_ptr
                0x2000002c        0x4 E:/BTVN/Nam 3/Vi xu ly/STM32CubeIDE_1.7.0/STM32CubeIDE/plugins/com.st.stm32cube.ide.mcu.externaltools.gnu-tools-for-stm32.12.3.rel1.win32_1.0.200.202406191623/tools/bin/../lib/gcc/arm-none-eabi/12.3.1/../../../../arm-none-eabi/lib/thumb/v7e-m+fp/hard\libc_nano.a(libc_a-impure.o)
                0x2000002c                _impure_ptr
 .data._impure_data
                0x20000030       0x4c E:/BTVN/Nam 3/Vi xu ly/STM32CubeIDE_1.7.0/STM32CubeIDE/plugins/com.st.stm32cube.ide.mcu.externaltools.gnu-tools-for-stm32.12.3.rel1.win32_1.0.200.202406191623/tools/bin/../lib/gcc/arm-none-eabi/12.3.1/../../../../arm-none-eabi/lib/thumb/v7e-m+fp/hard\libc_nano.a(libc_a-impure.o)
                0x20000030                _impure_data
 *(.RamFunc)
 *(.RamFunc*)
                0x2000007c                        . = ALIGN (0x4)
                0x2000007c                        _edata = .
                0x0800a9dc                        _siccmram = LOADADDR (.ccmram)

.igot.plt       0x2000007c        0x0 load address 0x0800a9dc
 .igot.plt      0x2000007c        0x0 E:/BTVN/Nam 3/Vi xu ly/STM32CubeIDE_1.7.0/STM32CubeIDE/plugins/com.st.stm32cube.ide.mcu.externaltools.gnu-tools-for-stm32.12.3.rel1.win32_1.0.200.202406191623/tools/bin/../lib/gcc/arm-none-eabi/12.3.1/thumb/v7e-m+fp/hard/crtbegin.o

.ccmram         0x10000000        0x0 load address 0x0800a9dc
                0x10000000                        . = ALIGN (0x4)
                0x10000000                        _sccmram = .
 *(.ccmram)
 *(.ccmram*)
                0x10000000                        . = ALIGN (0x4)
                0x10000000                        _eccmram = .
                0x10000000                        . = ALIGN (0x4)

.bss            0x2000007c      0x450
                0x2000007c                        _sbss = .
                0x2000007c                        __bss_start__ = _sbss
 *(.bss)
 .bss           0x2000007c       0x1c E:/BTVN/Nam 3/Vi xu ly/STM32CubeIDE_1.7.0/STM32CubeIDE/plugins/com.st.stm32cube.ide.mcu.externaltools.gnu-tools-for-stm32.12.3.rel1.win32_1.0.200.202406191623/tools/bin/../lib/gcc/arm-none-eabi/12.3.1/thumb/v7e-m+fp/hard/crtbegin.o
 *(.bss*)
 .bss.button_count
                0x20000098       0x20 ./Core/Src/button.o
                0x20000098                button_count
 .bss.spi_button
                0x200000b8        0x2 ./Core/Src/button.o
                0x200000b8                spi_button
 *fill*         0x200000ba        0x2 
 .bss.counter   0x200000bc        0x4 ./Core/Src/clock.o
                0x200000bc                counter
 .bss.try_count
                0x200000c0        0x4 ./Core/Src/clock.o
                0x200000c0                try_count
 .bss.cal_hour  0x200000c4        0x1 ./Core/Src/clock.o
                0x200000c4                cal_hour
 .bss.cal_min   0x200000c5        0x1 ./Core/Src/clock.o
                0x200000c5                cal_min
 .bss.cal_sec   0x200000c6        0x1 ./Core/Src/clock.o
                0x200000c6                cal_sec
 .bss.cal_date  0x200000c7        0x1 ./Core/Src/clock.o
                0x200000c7                cal_date
 .bss.cal_day   0x200000c8        0x1 ./Core/Src/clock.o
                0x200000c8                cal_day
 .bss.cal_month
                0x200000c9        0x1 ./Core/Src/clock.o
                0x200000c9                cal_month
 .bss.cal_year  0x200000ca        0x1 ./Core/Src/clock.o
                0x200000ca                cal_year
 *fill*         0x200000cb        0x1 
 .bss.ds3231_buffer
                0x200000cc        0x7 ./Core/Src/ds3231.o
                0x200000cc                ds3231_buffer
 .bss.ds3231_hours
                0x200000d3        0x1 ./Core/Src/ds3231.o
                0x200000d3                ds3231_hours
 .bss.ds3231_min
                0x200000d4        0x1 ./Core/Src/ds3231.o
                0x200000d4                ds3231_min
 .bss.ds3231_sec
                0x200000d5        0x1 ./Core/Src/ds3231.o
                0x200000d5                ds3231_sec
 .bss.ds3231_date
                0x200000d6        0x1 ./Core/Src/ds3231.o
                0x200000d6                ds3231_date
 .bss.ds3231_day
                0x200000d7        0x1 ./Core/Src/ds3231.o
                0x200000d7                ds3231_day
 .bss.ds3231_month
                0x200000d8        0x1 ./Core/Src/ds3231.o
                0x200000d8                ds3231_month
 .bss.ds3231_year
                0x200000d9        0x1 ./Core/Src/ds3231.o
                0x200000d9                ds3231_year
 *fill*         0x200000da        0x2 
 .bss.hsram1    0x200000dc       0x50 ./Core/Src/fsmc.o
                0x200000dc                hsram1
 .bss.FSMC_Initialized
                0x2000012c        0x4 ./Core/Src/fsmc.o
 .bss.hi2c1     0x20000130       0x54 ./Core/Src/i2c.o
                0x20000130                hi2c1
 .bss.lcddev    0x20000184        0x6 ./Core/Src/lcd.o
                0x20000184                lcddev
 *fill*         0x2000018a        0x2 
 .bss.led7_index
                0x2000018c        0x4 ./Core/Src/led_7seg.o
                0x2000018c                led7_index
 .bss.flag_timer2
                0x20000190        0x2 ./Core/Src/software_timer.o
                0x20000190                flag_timer2
 .bss.timer2_counter
                0x20000192        0x2 ./Core/Src/software_timer.o
                0x20000192                timer2_counter
 .bss.timer2_MUL
                0x20000194        0x2 ./Core/Src/software_timer.o
                0x20000194                timer2_MUL
 .bss.flag_timer3
                0x20000196        0x2 ./Core/Src/software_timer.o
                0x20000196                flag_timer3
 .bss.timer3_counter
                0x20000198        0x2 ./Core/Src/software_timer.o
                0x20000198                timer3_counter
 .bss.timer3_MUL
                0x2000019a        0x2 ./Core/Src/software_timer.o
                0x2000019a                timer3_MUL
 .bss.flag_timer4
                0x2000019c        0x2 ./Core/Src/software_timer.o
                0x2000019c                flag_timer4
 .bss.timer4_counter
                0x2000019e        0x2 ./Core/Src/software_timer.o
                0x2000019e                timer4_counter
 .bss.timer4_MUL
                0x200001a0        0x2 ./Core/Src/software_timer.o
                0x200001a0                timer4_MUL
 .bss.flag_timer5
                0x200001a2        0x2 ./Core/Src/software_timer.o
                0x200001a2                flag_timer5
 .bss.timer5_counter
                0x200001a4        0x2 ./Core/Src/software_timer.o
                0x200001a4                timer5_counter
 .bss.timer5_MUL
                0x200001a6        0x2 ./Core/Src/software_timer.o
                0x200001a6                timer5_MUL
 .bss.hspi1     0x200001a8       0x58 ./Core/Src/spi.o
                0x200001a8                hspi1
 .bss.__sbrk_heap_end
                0x20000200        0x4 ./Core/Src/sysmem.o
 .bss.htim2     0x20000204       0x48 ./Core/Src/tim.o
                0x20000204                htim2
 .bss.receive_buffer1
                0x2000024c        0x1 ./Core/Src/uart.o
                0x2000024c                receive_buffer1
 *fill*         0x2000024d        0x3 
 .bss.msg       0x20000250       0x64 ./Core/Src/uart.o
                0x20000250                msg
 .bss.RingBuffer
                0x200002b4       0x80 ./Core/Src/uart.o
                0x200002b4                RingBuffer
 .bss.head      0x20000334        0x2 ./Core/Src/uart.o
                0x20000334                head
 .bss.pointer   0x20000336        0x2 ./Core/Src/uart.o
                0x20000336                pointer
 .bss.dataReady
                0x20000338        0x1 ./Core/Src/uart.o
                0x20000338                dataReady
 *fill*         0x20000339        0x3 
 .bss.huart1    0x2000033c       0x44 ./Core/Src/usart.o
                0x2000033c                huart1
 .bss.uwTick    0x20000380        0x4 ./Drivers/STM32F4xx_HAL_Driver/Src/stm32f4xx_hal.o
                0x20000380                uwTick
 .bss.__sf      0x20000384      0x138 E:/BTVN/Nam 3/Vi xu ly/STM32CubeIDE_1.7.0/STM32CubeIDE/plugins/com.st.stm32cube.ide.mcu.externaltools.gnu-tools-for-stm32.12.3.rel1.win32_1.0.200.202406191623/tools/bin/../lib/gcc/arm-none-eabi/12.3.1/../../../../arm-none-eabi/lib/thumb/v7e-m+fp/hard\libc_nano.a(libc_a-findfp.o)
                0x20000384                __sf
 .bss.errno     0x200004bc        0x4 E:/BTVN/Nam 3/Vi xu ly/STM32CubeIDE_1.7.0/STM32CubeIDE/plugins/com.st.stm32cube.ide.mcu.externaltools.gnu-tools-for-stm32.12.3.rel1.win32_1.0.200.202406191623/tools/bin/../lib/gcc/arm-none-eabi/12.3.1/../../../../arm-none-eabi/lib/thumb/v7e-m+fp/hard\libc_nano.a(libc_a-reent.o)
                0x200004bc                errno
 .bss.__lock___malloc_recursive_mutex
                0x200004c0        0x1 E:/BTVN/Nam 3/Vi xu ly/STM32CubeIDE_1.7.0/STM32CubeIDE/plugins/com.st.stm32cube.ide.mcu.externaltools.gnu-tools-for-stm32.12.3.rel1.win32_1.0.200.202406191623/tools/bin/../lib/gcc/arm-none-eabi/12.3.1/../../../../arm-none-eabi/lib/thumb/v7e-m+fp/hard\libc_nano.a(libc_a-lock.o)
                0x200004c0                __lock___malloc_recursive_mutex
 *fill*         0x200004c1        0x3 
 .bss.__malloc_sbrk_start
                0x200004c4        0x4 E:/BTVN/Nam 3/Vi xu ly/STM32CubeIDE_1.7.0/STM32CubeIDE/plugins/com.st.stm32cube.ide.mcu.externaltools.gnu-tools-for-stm32.12.3.rel1.win32_1.0.200.202406191623/tools/bin/../lib/gcc/arm-none-eabi/12.3.1/../../../../arm-none-eabi/lib/thumb/v7e-m+fp/hard\libc_nano.a(libc_a-mallocr.o)
                0x200004c4                __malloc_sbrk_start
 .bss.__malloc_free_list
                0x200004c8        0x4 E:/BTVN/Nam 3/Vi xu ly/STM32CubeIDE_1.7.0/STM32CubeIDE/plugins/com.st.stm32cube.ide.mcu.externaltools.gnu-tools-for-stm32.12.3.rel1.win32_1.0.200.202406191623/tools/bin/../lib/gcc/arm-none-eabi/12.3.1/../../../../arm-none-eabi/lib/thumb/v7e-m+fp/hard\libc_nano.a(libc_a-mallocr.o)
                0x200004c8                __malloc_free_list
 *(COMMON)
                0x200004cc                        . = ALIGN (0x4)
                0x200004cc                        _ebss = .
                0x200004cc                        __bss_end__ = _ebss

._user_heap_stack
                0x200004cc      0x604
                0x200004d0                        . = ALIGN (0x8)
 *fill*         0x200004cc        0x4 
                [!provide]                        PROVIDE (end = .)
                0x200004d0                        PROVIDE (_end = .)
                0x200006d0                        . = (. + _Min_Heap_Size)
 *fill*         0x200004d0      0x200 
                0x20000ad0                        . = (. + _Min_Stack_Size)
 *fill*         0x200006d0      0x400 
                0x20000ad0                        . = ALIGN (0x8)

/DISCARD/
 libc.a(*)
 libm.a(*)
 libgcc.a(*)

.ARM.attributes
                0x00000000       0x30
 *(.ARM.attributes)
 .ARM.attributes
                0x00000000       0x22 E:/BTVN/Nam 3/Vi xu ly/STM32CubeIDE_1.7.0/STM32CubeIDE/plugins/com.st.stm32cube.ide.mcu.externaltools.gnu-tools-for-stm32.12.3.rel1.win32_1.0.200.202406191623/tools/bin/../lib/gcc/arm-none-eabi/12.3.1/thumb/v7e-m+fp/hard/crti.o
 .ARM.attributes
                0x00000022       0x34 E:/BTVN/Nam 3/Vi xu ly/STM32CubeIDE_1.7.0/STM32CubeIDE/plugins/com.st.stm32cube.ide.mcu.externaltools.gnu-tools-for-stm32.12.3.rel1.win32_1.0.200.202406191623/tools/bin/../lib/gcc/arm-none-eabi/12.3.1/thumb/v7e-m+fp/hard/crtbegin.o
 .ARM.attributes
                0x00000056       0x34 ./Core/Src/button.o
 .ARM.attributes
                0x0000008a       0x34 ./Core/Src/clock.o
 .ARM.attributes
                0x000000be       0x34 ./Core/Src/ds3231.o
 .ARM.attributes
                0x000000f2       0x34 ./Core/Src/fsmc.o
 .ARM.attributes
                0x00000126       0x34 ./Core/Src/gpio.o
 .ARM.attributes
                0x0000015a       0x34 ./Core/Src/i2c.o
 .ARM.attributes
                0x0000018e       0x34 ./Core/Src/lcd.o
 .ARM.attributes
                0x000001c2       0x34 ./Core/Src/led_7seg.o
 .ARM.attributes
                0x000001f6       0x34 ./Core/Src/main.o
 .ARM.attributes
                0x0000022a       0x34 ./Core/Src/software_timer.o
 .ARM.attributes
                0x0000025e       0x34 ./Core/Src/spi.o
 .ARM.attributes
                0x00000292       0x34 ./Core/Src/stm32f4xx_hal_msp.o
 .ARM.attributes
                0x000002c6       0x34 ./Core/Src/stm32f4xx_it.o
 .ARM.attributes
                0x000002fa       0x34 ./Core/Src/sysmem.o
 .ARM.attributes
                0x0000032e       0x34 ./Core/Src/system_stm32f4xx.o
 .ARM.attributes
                0x00000362       0x34 ./Core/Src/tim.o
 .ARM.attributes
                0x00000396       0x34 ./Core/Src/uart.o
 .ARM.attributes
                0x000003ca       0x34 ./Core/Src/usart.o
 .ARM.attributes
                0x000003fe       0x34 ./Core/Src/utils.o
 .ARM.attributes
                0x00000432       0x21 ./Core/Startup/startup_stm32f407zetx.o
 .ARM.attributes
                0x00000453       0x34 ./Drivers/STM32F4xx_HAL_Driver/Src/stm32f4xx_hal.o
 .ARM.attributes
                0x00000487       0x34 ./Drivers/STM32F4xx_HAL_Driver/Src/stm32f4xx_hal_cortex.o
 .ARM.attributes
                0x000004bb       0x34 ./Drivers/STM32F4xx_HAL_Driver/Src/stm32f4xx_hal_dma.o
 .ARM.attributes
                0x000004ef       0x34 ./Drivers/STM32F4xx_HAL_Driver/Src/stm32f4xx_hal_gpio.o
 .ARM.attributes
                0x00000523       0x34 ./Drivers/STM32F4xx_HAL_Driver/Src/stm32f4xx_hal_i2c.o
 .ARM.attributes
                0x00000557       0x34 ./Drivers/STM32F4xx_HAL_Driver/Src/stm32f4xx_hal_rcc.o
 .ARM.attributes
                0x0000058b       0x34 ./Drivers/STM32F4xx_HAL_Driver/Src/stm32f4xx_hal_spi.o
 .ARM.attributes
                0x000005bf       0x34 ./Drivers/STM32F4xx_HAL_Driver/Src/stm32f4xx_hal_sram.o
 .ARM.attributes
                0x000005f3       0x34 ./Drivers/STM32F4xx_HAL_Driver/Src/stm32f4xx_hal_tim.o
 .ARM.attributes
                0x00000627       0x34 ./Drivers/STM32F4xx_HAL_Driver/Src/stm32f4xx_hal_tim_ex.o
 .ARM.attributes
                0x0000065b       0x34 ./Drivers/STM32F4xx_HAL_Driver/Src/stm32f4xx_hal_uart.o
 .ARM.attributes
                0x0000068f       0x34 ./Drivers/STM32F4xx_HAL_Driver/Src/stm32f4xx_ll_fsmc.o
 .ARM.attributes
                0x000006c3       0x34 E:/BTVN/Nam 3/Vi xu ly/STM32CubeIDE_1.7.0/STM32CubeIDE/plugins/com.st.stm32cube.ide.mcu.externaltools.gnu-tools-for-stm32.12.3.rel1.win32_1.0.200.202406191623/tools/bin/../lib/gcc/arm-none-eabi/12.3.1/../../../../arm-none-eabi/lib/thumb/v7e-m+fp/hard\libc_nano.a(libc_a-findfp.o)
 .ARM.attributes
                0x000006f7       0x34 E:/BTVN/Nam 3/Vi xu ly/STM32CubeIDE_1.7.0/STM32CubeIDE/plugins/com.st.stm32cube.ide.mcu.externaltools.gnu-tools-for-stm32.12.3.rel1.win32_1.0.200.202406191623/tools/bin/../lib/gcc/arm-none-eabi/12.3.1/../../../../arm-none-eabi/lib/thumb/v7e-m+fp/hard\libc_nano.a(libc_a-sprintf.o)
 .ARM.attributes
                0x0000072b       0x34 E:/BTVN/Nam 3/Vi xu ly/STM32CubeIDE_1.7.0/STM32CubeIDE/plugins/com.st.stm32cube.ide.mcu.externaltools.gnu-tools-for-stm32.12.3.rel1.win32_1.0.200.202406191623/tools/bin/../lib/gcc/arm-none-eabi/12.3.1/../../../../arm-none-eabi/lib/thumb/v7e-m+fp/hard\libc_nano.a(libc_a-memset.o)
 .ARM.attributes
                0x0000075f       0x34 E:/BTVN/Nam 3/Vi xu ly/STM32CubeIDE_1.7.0/STM32CubeIDE/plugins/com.st.stm32cube.ide.mcu.externaltools.gnu-tools-for-stm32.12.3.rel1.win32_1.0.200.202406191623/tools/bin/../lib/gcc/arm-none-eabi/12.3.1/../../../../arm-none-eabi/lib/thumb/v7e-m+fp/hard\libc_nano.a(libc_a-strcat.o)
 .ARM.attributes
                0x00000793       0x34 E:/BTVN/Nam 3/Vi xu ly/STM32CubeIDE_1.7.0/STM32CubeIDE/plugins/com.st.stm32cube.ide.mcu.externaltools.gnu-tools-for-stm32.12.3.rel1.win32_1.0.200.202406191623/tools/bin/../lib/gcc/arm-none-eabi/12.3.1/../../../../arm-none-eabi/lib/thumb/v7e-m+fp/hard\libc_nano.a(libc_a-reent.o)
 .ARM.attributes
                0x000007c7       0x34 E:/BTVN/Nam 3/Vi xu ly/STM32CubeIDE_1.7.0/STM32CubeIDE/plugins/com.st.stm32cube.ide.mcu.externaltools.gnu-tools-for-stm32.12.3.rel1.win32_1.0.200.202406191623/tools/bin/../lib/gcc/arm-none-eabi/12.3.1/../../../../arm-none-eabi/lib/thumb/v7e-m+fp/hard\libc_nano.a(libc_a-impure.o)
 .ARM.attributes
                0x000007fb       0x34 E:/BTVN/Nam 3/Vi xu ly/STM32CubeIDE_1.7.0/STM32CubeIDE/plugins/com.st.stm32cube.ide.mcu.externaltools.gnu-tools-for-stm32.12.3.rel1.win32_1.0.200.202406191623/tools/bin/../lib/gcc/arm-none-eabi/12.3.1/../../../../arm-none-eabi/lib/thumb/v7e-m+fp/hard\libc_nano.a(libc_a-errno.o)
 .ARM.attributes
                0x0000082f       0x34 E:/BTVN/Nam 3/Vi xu ly/STM32CubeIDE_1.7.0/STM32CubeIDE/plugins/com.st.stm32cube.ide.mcu.externaltools.gnu-tools-for-stm32.12.3.rel1.win32_1.0.200.202406191623/tools/bin/../lib/gcc/arm-none-eabi/12.3.1/../../../../arm-none-eabi/lib/thumb/v7e-m+fp/hard\libc_nano.a(libc_a-init.o)
 .ARM.attributes
                0x00000863       0x34 E:/BTVN/Nam 3/Vi xu ly/STM32CubeIDE_1.7.0/STM32CubeIDE/plugins/com.st.stm32cube.ide.mcu.externaltools.gnu-tools-for-stm32.12.3.rel1.win32_1.0.200.202406191623/tools/bin/../lib/gcc/arm-none-eabi/12.3.1/../../../../arm-none-eabi/lib/thumb/v7e-m+fp/hard\libc_nano.a(libc_a-lock.o)
 .ARM.attributes
                0x00000897       0x17 E:/BTVN/Nam 3/Vi xu ly/STM32CubeIDE_1.7.0/STM32CubeIDE/plugins/com.st.stm32cube.ide.mcu.externaltools.gnu-tools-for-stm32.12.3.rel1.win32_1.0.200.202406191623/tools/bin/../lib/gcc/arm-none-eabi/12.3.1/../../../../arm-none-eabi/lib/thumb/v7e-m+fp/hard\libc_nano.a(libc_a-strlen.o)
 .ARM.attributes
                0x000008ae       0x34 E:/BTVN/Nam 3/Vi xu ly/STM32CubeIDE_1.7.0/STM32CubeIDE/plugins/com.st.stm32cube.ide.mcu.externaltools.gnu-tools-for-stm32.12.3.rel1.win32_1.0.200.202406191623/tools/bin/../lib/gcc/arm-none-eabi/12.3.1/../../../../arm-none-eabi/lib/thumb/v7e-m+fp/hard\libc_nano.a(libc_a-freer.o)
 .ARM.attributes
                0x000008e2       0x34 E:/BTVN/Nam 3/Vi xu ly/STM32CubeIDE_1.7.0/STM32CubeIDE/plugins/com.st.stm32cube.ide.mcu.externaltools.gnu-tools-for-stm32.12.3.rel1.win32_1.0.200.202406191623/tools/bin/../lib/gcc/arm-none-eabi/12.3.1/../../../../arm-none-eabi/lib/thumb/v7e-m+fp/hard\libc_nano.a(libc_a-mallocr.o)
 .ARM.attributes
                0x00000916       0x34 E:/BTVN/Nam 3/Vi xu ly/STM32CubeIDE_1.7.0/STM32CubeIDE/plugins/com.st.stm32cube.ide.mcu.externaltools.gnu-tools-for-stm32.12.3.rel1.win32_1.0.200.202406191623/tools/bin/../lib/gcc/arm-none-eabi/12.3.1/../../../../arm-none-eabi/lib/thumb/v7e-m+fp/hard\libc_nano.a(libc_a-mlock.o)
 .ARM.attributes
                0x0000094a       0x34 E:/BTVN/Nam 3/Vi xu ly/STM32CubeIDE_1.7.0/STM32CubeIDE/plugins/com.st.stm32cube.ide.mcu.externaltools.gnu-tools-for-stm32.12.3.rel1.win32_1.0.200.202406191623/tools/bin/../lib/gcc/arm-none-eabi/12.3.1/../../../../arm-none-eabi/lib/thumb/v7e-m+fp/hard\libc_nano.a(libc_a-nano-svfprintf.o)
 .ARM.attributes
                0x0000097e       0x34 E:/BTVN/Nam 3/Vi xu ly/STM32CubeIDE_1.7.0/STM32CubeIDE/plugins/com.st.stm32cube.ide.mcu.externaltools.gnu-tools-for-stm32.12.3.rel1.win32_1.0.200.202406191623/tools/bin/../lib/gcc/arm-none-eabi/12.3.1/../../../../arm-none-eabi/lib/thumb/v7e-m+fp/hard\libc_nano.a(libc_a-nano-vfprintf_i.o)
 .ARM.attributes
                0x000009b2       0x34 E:/BTVN/Nam 3/Vi xu ly/STM32CubeIDE_1.7.0/STM32CubeIDE/plugins/com.st.stm32cube.ide.mcu.externaltools.gnu-tools-for-stm32.12.3.rel1.win32_1.0.200.202406191623/tools/bin/../lib/gcc/arm-none-eabi/12.3.1/../../../../arm-none-eabi/lib/thumb/v7e-m+fp/hard\libc_nano.a(libc_a-memmove.o)
 .ARM.attributes
                0x000009e6       0x34 E:/BTVN/Nam 3/Vi xu ly/STM32CubeIDE_1.7.0/STM32CubeIDE/plugins/com.st.stm32cube.ide.mcu.externaltools.gnu-tools-for-stm32.12.3.rel1.win32_1.0.200.202406191623/tools/bin/../lib/gcc/arm-none-eabi/12.3.1/../../../../arm-none-eabi/lib/thumb/v7e-m+fp/hard\libc_nano.a(libc_a-sbrkr.o)
 .ARM.attributes
                0x00000a1a       0x1c E:/BTVN/Nam 3/Vi xu ly/STM32CubeIDE_1.7.0/STM32CubeIDE/plugins/com.st.stm32cube.ide.mcu.externaltools.gnu-tools-for-stm32.12.3.rel1.win32_1.0.200.202406191623/tools/bin/../lib/gcc/arm-none-eabi/12.3.1/../../../../arm-none-eabi/lib/thumb/v7e-m+fp/hard\libc_nano.a(libc_a-memchr.o)
 .ARM.attributes
                0x00000a36       0x34 E:/BTVN/Nam 3/Vi xu ly/STM32CubeIDE_1.7.0/STM32CubeIDE/plugins/com.st.stm32cube.ide.mcu.externaltools.gnu-tools-for-stm32.12.3.rel1.win32_1.0.200.202406191623/tools/bin/../lib/gcc/arm-none-eabi/12.3.1/../../../../arm-none-eabi/lib/thumb/v7e-m+fp/hard\libc_nano.a(libc_a-memcpy-stub.o)
 .ARM.attributes
                0x00000a6a       0x34 E:/BTVN/Nam 3/Vi xu ly/STM32CubeIDE_1.7.0/STM32CubeIDE/plugins/com.st.stm32cube.ide.mcu.externaltools.gnu-tools-for-stm32.12.3.rel1.win32_1.0.200.202406191623/tools/bin/../lib/gcc/arm-none-eabi/12.3.1/../../../../arm-none-eabi/lib/thumb/v7e-m+fp/hard\libc_nano.a(libc_a-reallocr.o)
 .ARM.attributes
                0x00000a9e       0x34 E:/BTVN/Nam 3/Vi xu ly/STM32CubeIDE_1.7.0/STM32CubeIDE/plugins/com.st.stm32cube.ide.mcu.externaltools.gnu-tools-for-stm32.12.3.rel1.win32_1.0.200.202406191623/tools/bin/../lib/gcc/arm-none-eabi/12.3.1/../../../../arm-none-eabi/lib/thumb/v7e-m+fp/hard\libc_nano.a(libc_a-msizer.o)
 .ARM.attributes
                0x00000ad2       0x22 E:/BTVN/Nam 3/Vi xu ly/STM32CubeIDE_1.7.0/STM32CubeIDE/plugins/com.st.stm32cube.ide.mcu.externaltools.gnu-tools-for-stm32.12.3.rel1.win32_1.0.200.202406191623/tools/bin/../lib/gcc/arm-none-eabi/12.3.1/thumb/v7e-m+fp/hard\libgcc.a(_aeabi_uldivmod.o)
 .ARM.attributes
                0x00000af4       0x34 E:/BTVN/Nam 3/Vi xu ly/STM32CubeIDE_1.7.0/STM32CubeIDE/plugins/com.st.stm32cube.ide.mcu.externaltools.gnu-tools-for-stm32.12.3.rel1.win32_1.0.200.202406191623/tools/bin/../lib/gcc/arm-none-eabi/12.3.1/thumb/v7e-m+fp/hard\libgcc.a(_udivmoddi4.o)
 .ARM.attributes
                0x00000b28       0x22 E:/BTVN/Nam 3/Vi xu ly/STM32CubeIDE_1.7.0/STM32CubeIDE/plugins/com.st.stm32cube.ide.mcu.externaltools.gnu-tools-for-stm32.12.3.rel1.win32_1.0.200.202406191623/tools/bin/../lib/gcc/arm-none-eabi/12.3.1/thumb/v7e-m+fp/hard\libgcc.a(_dvmd_tls.o)
 .ARM.attributes
                0x00000b4a       0x22 E:/BTVN/Nam 3/Vi xu ly/STM32CubeIDE_1.7.0/STM32CubeIDE/plugins/com.st.stm32cube.ide.mcu.externaltools.gnu-tools-for-stm32.12.3.rel1.win32_1.0.200.202406191623/tools/bin/../lib/gcc/arm-none-eabi/12.3.1/thumb/v7e-m+fp/hard/crtn.o
OUTPUT(Bai5_UART.elf elf32-littlearm)
LOAD linker stubs
LOAD E:/BTVN/Nam 3/Vi xu ly/STM32CubeIDE_1.7.0/STM32CubeIDE/plugins/com.st.stm32cube.ide.mcu.externaltools.gnu-tools-for-stm32.12.3.rel1.win32_1.0.200.202406191623/tools/bin/../lib/gcc/arm-none-eabi/12.3.1/../../../../arm-none-eabi/lib/thumb/v7e-m+fp/hard\libc.a
LOAD E:/BTVN/Nam 3/Vi xu ly/STM32CubeIDE_1.7.0/STM32CubeIDE/plugins/com.st.stm32cube.ide.mcu.externaltools.gnu-tools-for-stm32.12.3.rel1.win32_1.0.200.202406191623/tools/bin/../lib/gcc/arm-none-eabi/12.3.1/../../../../arm-none-eabi/lib/thumb/v7e-m+fp/hard\libm.a
LOAD E:/BTVN/Nam 3/Vi xu ly/STM32CubeIDE_1.7.0/STM32CubeIDE/plugins/com.st.stm32cube.ide.mcu.externaltools.gnu-tools-for-stm32.12.3.rel1.win32_1.0.200.202406191623/tools/bin/../lib/gcc/arm-none-eabi/12.3.1/thumb/v7e-m+fp/hard\libgcc.a

.debug_info     0x00000000    0x1842a
 .debug_info    0x00000000      0x76e ./Core/Src/button.o
 .debug_info    0x0000076e      0x9e3 ./Core/Src/clock.o
 .debug_info    0x00001151      0x7d5 ./Core/Src/ds3231.o
 .debug_info    0x00001926      0x99a ./Core/Src/fsmc.o
 .debug_info    0x000022c0      0x45d ./Core/Src/gpio.o
 .debug_info    0x0000271d      0x968 ./Core/Src/i2c.o
 .debug_info    0x00003085      0xe15 ./Core/Src/lcd.o
 .debug_info    0x00003e9a      0x803 ./Core/Src/led_7seg.o
 .debug_info    0x0000469d      0xe27 ./Core/Src/main.o
 .debug_info    0x000054c4      0x853 ./Core/Src/software_timer.o
 .debug_info    0x00005d17      0x943 ./Core/Src/spi.o
 .debug_info    0x0000665a      0x269 ./Core/Src/stm32f4xx_hal_msp.o
 .debug_info    0x000068c3      0x963 ./Core/Src/stm32f4xx_it.o
 .debug_info    0x00007226      0x168 ./Core/Src/sysmem.o
 .debug_info    0x0000738e      0x512 ./Core/Src/system_stm32f4xx.o
 .debug_info    0x000078a0      0xbf9 ./Core/Src/tim.o
 .debug_info    0x00008499      0x807 ./Core/Src/uart.o
 .debug_info    0x00008ca0      0xb65 ./Core/Src/usart.o
 .debug_info    0x00009805       0xd5 ./Core/Src/utils.o
 .debug_info    0x000098da       0x30 ./Core/Startup/startup_stm32f407zetx.o
 .debug_info    0x0000990a      0x948 ./Drivers/STM32F4xx_HAL_Driver/Src/stm32f4xx_hal.o
 .debug_info    0x0000a252      0xd46 ./Drivers/STM32F4xx_HAL_Driver/Src/stm32f4xx_hal_cortex.o
 .debug_info    0x0000af98      0x8e7 ./Drivers/STM32F4xx_HAL_Driver/Src/stm32f4xx_hal_dma.o
 .debug_info    0x0000b87f      0x6c3 ./Drivers/STM32F4xx_HAL_Driver/Src/stm32f4xx_hal_gpio.o
 .debug_info    0x0000bf42     0x23e1 ./Drivers/STM32F4xx_HAL_Driver/Src/stm32f4xx_hal_i2c.o
 .debug_info    0x0000e323      0x8b1 ./Drivers/STM32F4xx_HAL_Driver/Src/stm32f4xx_hal_rcc.o
 .debug_info    0x0000ebd4     0x15fb ./Drivers/STM32F4xx_HAL_Driver/Src/stm32f4xx_hal_spi.o
 .debug_info    0x000101cf      0xb3e ./Drivers/STM32F4xx_HAL_Driver/Src/stm32f4xx_hal_sram.o
 .debug_info    0x00010d0d     0x2949 ./Drivers/STM32F4xx_HAL_Driver/Src/stm32f4xx_hal_tim.o
 .debug_info    0x00013656     0x14ae ./Drivers/STM32F4xx_HAL_Driver/Src/stm32f4xx_hal_tim_ex.o
 .debug_info    0x00014b04     0x2f9a ./Drivers/STM32F4xx_HAL_Driver/Src/stm32f4xx_hal_uart.o
 .debug_info    0x00017a9e      0x98c ./Drivers/STM32F4xx_HAL_Driver/Src/stm32f4xx_ll_fsmc.o

.debug_abbrev   0x00000000     0x4008
 .debug_abbrev  0x00000000      0x1dd ./Core/Src/button.o
 .debug_abbrev  0x000001dd      0x27f ./Core/Src/clock.o
 .debug_abbrev  0x0000045c      0x1cf ./Core/Src/ds3231.o
 .debug_abbrev  0x0000062b      0x215 ./Core/Src/fsmc.o
 .debug_abbrev  0x00000840      0x152 ./Core/Src/gpio.o
 .debug_abbrev  0x00000992      0x1f1 ./Core/Src/i2c.o
 .debug_abbrev  0x00000b83      0x32a ./Core/Src/lcd.o
 .debug_abbrev  0x00000ead      0x1cc ./Core/Src/led_7seg.o
 .debug_abbrev  0x00001079      0x328 ./Core/Src/main.o
 .debug_abbrev  0x000013a1      0x215 ./Core/Src/software_timer.o
 .debug_abbrev  0x000015b6      0x1f3 ./Core/Src/spi.o
 .debug_abbrev  0x000017a9       0xd8 ./Core/Src/stm32f4xx_hal_msp.o
 .debug_abbrev  0x00001881      0x195 ./Core/Src/stm32f4xx_it.o
 .debug_abbrev  0x00001a16       0xbc ./Core/Src/sysmem.o
 .debug_abbrev  0x00001ad2      0x11a ./Core/Src/system_stm32f4xx.o
 .debug_abbrev  0x00001bec      0x1f0 ./Core/Src/tim.o
 .debug_abbrev  0x00001ddc      0x274 ./Core/Src/uart.o
 .debug_abbrev  0x00002050      0x211 ./Core/Src/usart.o
 .debug_abbrev  0x00002261       0x86 ./Core/Src/utils.o
 .debug_abbrev  0x000022e7       0x24 ./Core/Startup/startup_stm32f407zetx.o
 .debug_abbrev  0x0000230b      0x213 ./Drivers/STM32F4xx_HAL_Driver/Src/stm32f4xx_hal.o
 .debug_abbrev  0x0000251e      0x327 ./Drivers/STM32F4xx_HAL_Driver/Src/stm32f4xx_hal_cortex.o
 .debug_abbrev  0x00002845      0x264 ./Drivers/STM32F4xx_HAL_Driver/Src/stm32f4xx_hal_dma.o
 .debug_abbrev  0x00002aa9      0x1d4 ./Drivers/STM32F4xx_HAL_Driver/Src/stm32f4xx_hal_gpio.o
 .debug_abbrev  0x00002c7d      0x2ad ./Drivers/STM32F4xx_HAL_Driver/Src/stm32f4xx_hal_i2c.o
 .debug_abbrev  0x00002f2a      0x2b6 ./Drivers/STM32F4xx_HAL_Driver/Src/stm32f4xx_hal_rcc.o
 .debug_abbrev  0x000031e0      0x284 ./Drivers/STM32F4xx_HAL_Driver/Src/stm32f4xx_hal_spi.o
 .debug_abbrev  0x00003464      0x208 ./Drivers/STM32F4xx_HAL_Driver/Src/stm32f4xx_hal_sram.o
 .debug_abbrev  0x0000366c      0x271 ./Drivers/STM32F4xx_HAL_Driver/Src/stm32f4xx_hal_tim.o
 .debug_abbrev  0x000038dd      0x27c ./Drivers/STM32F4xx_HAL_Driver/Src/stm32f4xx_hal_tim_ex.o
 .debug_abbrev  0x00003b59      0x307 ./Drivers/STM32F4xx_HAL_Driver/Src/stm32f4xx_hal_uart.o
 .debug_abbrev  0x00003e60      0x1a8 ./Drivers/STM32F4xx_HAL_Driver/Src/stm32f4xx_ll_fsmc.o

.debug_aranges  0x00000000     0x1588
 .debug_aranges
                0x00000000       0x28 ./Core/Src/button.o
 .debug_aranges
                0x00000028       0x50 ./Core/Src/clock.o
 .debug_aranges
                0x00000078       0x30 ./Core/Src/ds3231.o
 .debug_aranges
                0x000000a8       0x40 ./Core/Src/fsmc.o
 .debug_aranges
                0x000000e8       0x20 ./Core/Src/gpio.o
 .debug_aranges
                0x00000108       0x30 ./Core/Src/i2c.o
 .debug_aranges
                0x00000138       0xe8 ./Core/Src/lcd.o
 .debug_aranges
                0x00000220       0x48 ./Core/Src/led_7seg.o
 .debug_aranges
                0x00000268       0x60 ./Core/Src/main.o
 .debug_aranges
                0x000002c8       0x48 ./Core/Src/software_timer.o
 .debug_aranges
                0x00000310       0x30 ./Core/Src/spi.o
 .debug_aranges
                0x00000340       0x20 ./Core/Src/stm32f4xx_hal_msp.o
 .debug_aranges
                0x00000360       0x70 ./Core/Src/stm32f4xx_it.o
 .debug_aranges
                0x000003d0       0x20 ./Core/Src/sysmem.o
 .debug_aranges
                0x000003f0       0x28 ./Core/Src/system_stm32f4xx.o
 .debug_aranges
                0x00000418       0x30 ./Core/Src/tim.o
 .debug_aranges
                0x00000448       0x58 ./Core/Src/uart.o
 .debug_aranges
                0x000004a0       0x30 ./Core/Src/usart.o
 .debug_aranges
                0x000004d0       0x28 ./Core/Src/utils.o
 .debug_aranges
                0x000004f8       0x28 ./Core/Startup/startup_stm32f407zetx.o
 .debug_aranges
                0x00000520       0xf0 ./Drivers/STM32F4xx_HAL_Driver/Src/stm32f4xx_hal.o
 .debug_aranges
                0x00000610      0x118 ./Drivers/STM32F4xx_HAL_Driver/Src/stm32f4xx_hal_cortex.o
 .debug_aranges
                0x00000728       0x90 ./Drivers/STM32F4xx_HAL_Driver/Src/stm32f4xx_hal_dma.o
 .debug_aranges
                0x000007b8       0x58 ./Drivers/STM32F4xx_HAL_Driver/Src/stm32f4xx_hal_gpio.o
 .debug_aranges
                0x00000810      0x2a0 ./Drivers/STM32F4xx_HAL_Driver/Src/stm32f4xx_hal_i2c.o
 .debug_aranges
                0x00000ab0       0x88 ./Drivers/STM32F4xx_HAL_Driver/Src/stm32f4xx_hal_rcc.o
 .debug_aranges
                0x00000b38      0x1d0 ./Drivers/STM32F4xx_HAL_Driver/Src/stm32f4xx_hal_spi.o
 .debug_aranges
                0x00000d08       0xa0 ./Drivers/STM32F4xx_HAL_Driver/Src/stm32f4xx_hal_sram.o
 .debug_aranges
                0x00000da8      0x3d0 ./Drivers/STM32F4xx_HAL_Driver/Src/stm32f4xx_hal_tim.o
 .debug_aranges
                0x00001178      0x168 ./Drivers/STM32F4xx_HAL_Driver/Src/stm32f4xx_hal_tim_ex.o
 .debug_aranges
                0x000012e0      0x200 ./Drivers/STM32F4xx_HAL_Driver/Src/stm32f4xx_hal_uart.o
 .debug_aranges
                0x000014e0       0xa8 ./Drivers/STM32F4xx_HAL_Driver/Src/stm32f4xx_ll_fsmc.o

.debug_rnglists
                0x00000000     0x10c0
 .debug_rnglists
                0x00000000       0x1a ./Core/Src/button.o
 .debug_rnglists
                0x0000001a       0x3c ./Core/Src/clock.o
 .debug_rnglists
                0x00000056       0x21 ./Core/Src/ds3231.o
 .debug_rnglists
                0x00000077       0x2d ./Core/Src/fsmc.o
 .debug_rnglists
                0x000000a4       0x14 ./Core/Src/gpio.o
 .debug_rnglists
                0x000000b8       0x20 ./Core/Src/i2c.o
 .debug_rnglists
                0x000000d8       0xb5 ./Core/Src/lcd.o
 .debug_rnglists
                0x0000018d       0x32 ./Core/Src/led_7seg.o
 .debug_rnglists
                0x000001bf       0x47 ./Core/Src/main.o
 .debug_rnglists
                0x00000206       0x32 ./Core/Src/software_timer.o
 .debug_rnglists
                0x00000238       0x20 ./Core/Src/spi.o
 .debug_rnglists
                0x00000258       0x13 ./Core/Src/stm32f4xx_hal_msp.o
 .debug_rnglists
                0x0000026b       0x4f ./Core/Src/stm32f4xx_it.o
 .debug_rnglists
                0x000002ba       0x13 ./Core/Src/sysmem.o
 .debug_rnglists
                0x000002cd       0x1a ./Core/Src/system_stm32f4xx.o
 .debug_rnglists
                0x000002e7       0x20 ./Core/Src/tim.o
 .debug_rnglists
                0x00000307       0x3e ./Core/Src/uart.o
 .debug_rnglists
                0x00000345       0x20 ./Core/Src/usart.o
 .debug_rnglists
                0x00000365       0x19 ./Core/Src/utils.o
 .debug_rnglists
                0x0000037e       0x19 ./Core/Startup/startup_stm32f407zetx.o
 .debug_rnglists
                0x00000397       0xaf ./Drivers/STM32F4xx_HAL_Driver/Src/stm32f4xx_hal.o
 .debug_rnglists
                0x00000446       0xce ./Drivers/STM32F4xx_HAL_Driver/Src/stm32f4xx_hal_cortex.o
 .debug_rnglists
                0x00000514       0x70 ./Drivers/STM32F4xx_HAL_Driver/Src/stm32f4xx_hal_dma.o
 .debug_rnglists
                0x00000584       0x3f ./Drivers/STM32F4xx_HAL_Driver/Src/stm32f4xx_hal_gpio.o
 .debug_rnglists
                0x000005c3      0x23f ./Drivers/STM32F4xx_HAL_Driver/Src/stm32f4xx_hal_i2c.o
 .debug_rnglists
                0x00000802       0x66 ./Drivers/STM32F4xx_HAL_Driver/Src/stm32f4xx_hal_rcc.o
 .debug_rnglists
                0x00000868      0x16f ./Drivers/STM32F4xx_HAL_Driver/Src/stm32f4xx_hal_spi.o
 .debug_rnglists
                0x000009d7       0x76 ./Drivers/STM32F4xx_HAL_Driver/Src/stm32f4xx_hal_sram.o
 .debug_rnglists
                0x00000a4d      0x31a ./Drivers/STM32F4xx_HAL_Driver/Src/stm32f4xx_hal_tim.o
 .debug_rnglists
                0x00000d67      0x125 ./Drivers/STM32F4xx_HAL_Driver/Src/stm32f4xx_hal_tim_ex.o
 .debug_rnglists
                0x00000e8c      0x1b7 ./Drivers/STM32F4xx_HAL_Driver/Src/stm32f4xx_hal_uart.o
 .debug_rnglists
                0x00001043       0x7d ./Drivers/STM32F4xx_HAL_Driver/Src/stm32f4xx_ll_fsmc.o

.debug_macro    0x00000000    0x2492c
 .debug_macro   0x00000000      0x23a ./Core/Src/button.o
 .debug_macro   0x0000023a      0xab4 ./Core/Src/button.o
 .debug_macro   0x00000cee      0x2ad ./Core/Src/button.o
 .debug_macro   0x00000f9b       0x2e ./Core/Src/button.o
 .debug_macro   0x00000fc9       0x2f ./Core/Src/button.o
 .debug_macro   0x00000ff8       0x22 ./Core/Src/button.o
 .debug_macro   0x0000101a       0x8e ./Core/Src/button.o
 .debug_macro   0x000010a8       0x51 ./Core/Src/button.o
 .debug_macro   0x000010f9      0x103 ./Core/Src/button.o
 .debug_macro   0x000011fc       0x6a ./Core/Src/button.o
 .debug_macro   0x00001266      0x1df ./Core/Src/button.o
 .debug_macro   0x00001445       0x1c ./Core/Src/button.o
 .debug_macro   0x00001461       0x22 ./Core/Src/button.o
 .debug_macro   0x00001483       0xd9 ./Core/Src/button.o
 .debug_macro   0x0000155c     0x102d ./Core/Src/button.o
 .debug_macro   0x00002589      0x11f ./Core/Src/button.o
 .debug_macro   0x000026a8    0x15e58 ./Core/Src/button.o
 .debug_macro   0x00018500       0x6d ./Core/Src/button.o
 .debug_macro   0x0001856d     0x3666 ./Core/Src/button.o
 .debug_macro   0x0001bbd3      0x189 ./Core/Src/button.o
 .debug_macro   0x0001bd5c       0x5c ./Core/Src/button.o
 .debug_macro   0x0001bdb8      0x96b ./Core/Src/button.o
 .debug_macro   0x0001c723      0x9fe ./Core/Src/button.o
 .debug_macro   0x0001d121      0x116 ./Core/Src/button.o
 .debug_macro   0x0001d237      0x13e ./Core/Src/button.o
 .debug_macro   0x0001d375       0xa5 ./Core/Src/button.o
 .debug_macro   0x0001d41a      0x174 ./Core/Src/button.o
 .debug_macro   0x0001d58e      0x287 ./Core/Src/button.o
 .debug_macro   0x0001d815       0x5f ./Core/Src/button.o
 .debug_macro   0x0001d874      0x236 ./Core/Src/button.o
 .debug_macro   0x0001daaa      0x12c ./Core/Src/button.o
 .debug_macro   0x0001dbd6      0x21e ./Core/Src/button.o
 .debug_macro   0x0001ddf4       0x2e ./Core/Src/button.o
 .debug_macro   0x0001de22      0x543 ./Core/Src/button.o
 .debug_macro   0x0001e365      0x1b5 ./Core/Src/button.o
 .debug_macro   0x0001e51a       0xd6 ./Core/Src/button.o
 .debug_macro   0x0001e5f0      0x11a ./Core/Src/button.o
 .debug_macro   0x0001e70a       0x7e ./Core/Src/button.o
 .debug_macro   0x0001e788       0x89 ./Core/Src/button.o
 .debug_macro   0x0001e811      0x225 ./Core/Src/button.o
 .debug_macro   0x0001ea36      0x8d1 ./Core/Src/button.o
 .debug_macro   0x0001f307       0x47 ./Core/Src/button.o
 .debug_macro   0x0001f34e      0x295 ./Core/Src/button.o
 .debug_macro   0x0001f5e3      0x12d ./Core/Src/button.o
 .debug_macro   0x0001f710       0x88 ./Core/Src/button.o
 .debug_macro   0x0001f798      0x3d6 ./Core/Src/clock.o
 .debug_macro   0x0001fb6e       0x22 ./Core/Src/clock.o
 .debug_macro   0x0001fb90       0x2a ./Core/Src/clock.o
 .debug_macro   0x0001fbba       0x61 ./Core/Src/clock.o
 .debug_macro   0x0001fc1b       0x43 ./Core/Src/clock.o
 .debug_macro   0x0001fc5e       0x34 ./Core/Src/clock.o
 .debug_macro   0x0001fc92       0x16 ./Core/Src/clock.o
 .debug_macro   0x0001fca8       0x35 ./Core/Src/clock.o
 .debug_macro   0x0001fcdd       0x16 ./Core/Src/clock.o
 .debug_macro   0x0001fcf3       0x43 ./Core/Src/clock.o
 .debug_macro   0x0001fd36       0x34 ./Core/Src/clock.o
 .debug_macro   0x0001fd6a       0x10 ./Core/Src/clock.o
 .debug_macro   0x0001fd7a       0x58 ./Core/Src/clock.o
 .debug_macro   0x0001fdd2       0x8e ./Core/Src/clock.o
 .debug_macro   0x0001fe60       0x1c ./Core/Src/clock.o
 .debug_macro   0x0001fe7c      0x177 ./Core/Src/clock.o
 .debug_macro   0x0001fff3      0x369 ./Core/Src/clock.o
 .debug_macro   0x0002035c       0x16 ./Core/Src/clock.o
 .debug_macro   0x00020372       0x29 ./Core/Src/clock.o
 .debug_macro   0x0002039b       0x16 ./Core/Src/clock.o
 .debug_macro   0x000203b1       0x20 ./Core/Src/clock.o
 .debug_macro   0x000203d1       0xca ./Core/Src/clock.o
 .debug_macro   0x0002049b       0x2e ./Core/Src/clock.o
 .debug_macro   0x000204c9       0x1c ./Core/Src/clock.o
 .debug_macro   0x000204e5       0x10 ./Core/Src/clock.o
 .debug_macro   0x000204f5       0x1c ./Core/Src/clock.o
 .debug_macro   0x00020511       0x16 ./Core/Src/clock.o
 .debug_macro   0x00020527      0x146 ./Core/Src/clock.o
 .debug_macro   0x0002066d      0x11f ./Core/Src/clock.o
 .debug_macro   0x0002078c      0x245 ./Core/Src/ds3231.o
 .debug_macro   0x000209d1      0x226 ./Core/Src/fsmc.o
 .debug_macro   0x00020bf7      0x226 ./Core/Src/gpio.o
 .debug_macro   0x00020e1d      0x226 ./Core/Src/i2c.o
 .debug_macro   0x00021043      0x33b ./Core/Src/lcd.o
 .debug_macro   0x0002137e      0x230 ./Core/Src/led_7seg.o
 .debug_macro   0x000215ae      0x417 ./Core/Src/main.o
 .debug_macro   0x000219c5      0x236 ./Core/Src/software_timer.o
 .debug_macro   0x00021bfb      0x226 ./Core/Src/spi.o
 .debug_macro   0x00021e21      0x21c ./Core/Src/stm32f4xx_hal_msp.o
 .debug_macro   0x0002203d      0x226 ./Core/Src/stm32f4xx_it.o
 .debug_macro   0x00022263       0xff ./Core/Src/sysmem.o
 .debug_macro   0x00022362      0x23c ./Core/Src/sysmem.o
 .debug_macro   0x0002259e      0x20d ./Core/Src/system_stm32f4xx.o
 .debug_macro   0x000227ab      0x226 ./Core/Src/tim.o
 .debug_macro   0x000229d1      0x318 ./Core/Src/uart.o
 .debug_macro   0x00022ce9       0x16 ./Core/Src/uart.o
 .debug_macro   0x00022cff       0x16 ./Core/Src/uart.o
 .debug_macro   0x00022d15      0x226 ./Core/Src/usart.o
 .debug_macro   0x00022f3b       0x6d ./Core/Src/utils.o
 .debug_macro   0x00022fa8      0x26d ./Drivers/STM32F4xx_HAL_Driver/Src/stm32f4xx_hal.o
 .debug_macro   0x00023215      0x20d ./Drivers/STM32F4xx_HAL_Driver/Src/stm32f4xx_hal_cortex.o
 .debug_macro   0x00023422      0x213 ./Drivers/STM32F4xx_HAL_Driver/Src/stm32f4xx_hal_dma.o
 .debug_macro   0x00023635      0x213 ./Drivers/STM32F4xx_HAL_Driver/Src/stm32f4xx_hal_gpio.o
 .debug_macro   0x00023848      0x254 ./Drivers/STM32F4xx_HAL_Driver/Src/stm32f4xx_hal_i2c.o
 .debug_macro   0x00023a9c      0x231 ./Drivers/STM32F4xx_HAL_Driver/Src/stm32f4xx_hal_rcc.o
 .debug_macro   0x00023ccd      0x21c ./Drivers/STM32F4xx_HAL_Driver/Src/stm32f4xx_hal_spi.o
 .debug_macro   0x00023ee9      0x20d ./Drivers/STM32F4xx_HAL_Driver/Src/stm32f4xx_hal_sram.o
 .debug_macro   0x000240f6      0x20e ./Drivers/STM32F4xx_HAL_Driver/Src/stm32f4xx_hal_tim.o
 .debug_macro   0x00024304      0x20d ./Drivers/STM32F4xx_HAL_Driver/Src/stm32f4xx_hal_tim_ex.o
 .debug_macro   0x00024511      0x20e ./Drivers/STM32F4xx_HAL_Driver/Src/stm32f4xx_hal_uart.o
 .debug_macro   0x0002471f      0x20d ./Drivers/STM32F4xx_HAL_Driver/Src/stm32f4xx_ll_fsmc.o

.debug_line     0x00000000    0x1f5e7
 .debug_line    0x00000000      0x8ec ./Core/Src/button.o
 .debug_line    0x000008ec      0xf60 ./Core/Src/clock.o
 .debug_line    0x0000184c      0x904 ./Core/Src/ds3231.o
 .debug_line    0x00002150      0x961 ./Core/Src/fsmc.o
 .debug_line    0x00002ab1      0x8bf ./Core/Src/gpio.o
 .debug_line    0x00003370      0x8ca ./Core/Src/i2c.o
 .debug_line    0x00003c3a     0x128d ./Core/Src/lcd.o
 .debug_line    0x00004ec7      0x959 ./Core/Src/led_7seg.o
 .debug_line    0x00005820      0xde6 ./Core/Src/main.o
 .debug_line    0x00006606      0x95e ./Core/Src/software_timer.o
 .debug_line    0x00006f64      0x8d2 ./Core/Src/spi.o
 .debug_line    0x00007836      0x861 ./Core/Src/stm32f4xx_hal_msp.o